 tbb_debug

 Timestamp is 56dac497 (Sat Mar 05 19:35:51 2016)

 Preferred load address is 10000000

 Start         Length     Name                   Class
 0001:00000000 000006e4H .text$di                CODE
 0001:000006f0 00023926H .text$mn                CODE
 0001:00024020 00000bbdH .text$x                 CODE
 0001:00024be0 000002b6H .text$yd                CODE
 0002:00000000 000001f8H .idata$5                DATA
 0002:000001f8 00000004H .CRT$XCA                DATA
 0002:000001fc 0000005cH .CRT$XCU                DATA
 0002:00000258 00000004H .CRT$XCZ                DATA
 0002:0000025c 00000004H .CRT$XIA                DATA
 0002:00000260 00000004H .CRT$XIAA               DATA
 0002:00000264 00000004H .CRT$XIC                DATA
 0002:00000268 00000004H .CRT$XIZ                DATA
 0002:00000270 00009a20H .rdata                  DATA
 0002:00009c90 00000068H .rdata$debug            DATA
 0002:00009cf8 00000cf8H .rdata$r                DATA
 0002:0000a9f0 00000114H .rdata$sxdata           DATA
 0002:0000ab04 00000004H .rtc$IAA                DATA
 0002:0000ab08 00000058H .rtc$IMZ                DATA
 0002:0000ab60 00000004H .rtc$IZZ                DATA
 0002:0000ab64 00000004H .rtc$TAA                DATA
 0002:0000ab68 00000058H .rtc$TMZ                DATA
 0002:0000abc0 00000004H .rtc$TZZ                DATA
 0002:0000abc8 00001194H .xdata$x                DATA
 0002:0000bd60 00002c05H .edata                  DATA
 0002:0000e968 0000003cH .idata$2                DATA
 0002:0000e9a4 00000014H .idata$3                DATA
 0002:0000e9b8 000001f8H .idata$4                DATA
 0002:0000ebb0 000009b8H .idata$6                DATA
 0003:00000000 00000904H .data                   DATA
 0003:00000908 000005fcH .data$r                 DATA
 0003:00000f08 0000153cH .bss                    DATA
 0004:00000000 000000a0H .rsrc$01                DATA
 0004:000000a0 000006a0H .rsrc$02                DATA

  Address         Publics by Value              Rva+Base       Lib:Object

 0000:00000000       ___guard_flags             00000000     <absolute>
 0000:00000000       ___guard_fids_table        00000000     <absolute>
 0000:00000000       ___guard_fids_count        00000000     <absolute>
 0000:00000000       __except_list              00000000     <absolute>
 0000:00000045       ___safe_se_handler_count   00000045     <absolute>
 0000:00009876       __ldused                   00009876     <absolute>
 0000:00009876       __fltused                  00009876     <absolute>
 0000:00000000       ___ImageBase               10000000     <linker-defined>
 0001:000006f0       ??0concurrent_queue_base@internal@tbb@@IAE@I@Z 100016f0 f   concurrent_queue_v2.obj
 0001:000008f0       ??1concurrent_queue_base@internal@tbb@@MAE@XZ 100018f0 f   concurrent_queue_v2.obj
 0001:000009d0       ?internal_push@concurrent_queue_base@internal@tbb@@IAEXPBX@Z 100019d0 f   concurrent_queue_v2.obj
 0001:00000ab0       ?internal_pop@concurrent_queue_base@internal@tbb@@IAEXPAX@Z 10001ab0 f   concurrent_queue_v2.obj
 0001:00000b20       ?internal_push_if_not_full@concurrent_queue_base@internal@tbb@@IAE_NPBX@Z 10001b20 f   concurrent_queue_v2.obj
 0001:00000c10       ?internal_pop_if_present@concurrent_queue_base@internal@tbb@@IAE_NPAX@Z 10001c10 f   concurrent_queue_v2.obj
 0001:00000cf0       ?internal_size@concurrent_queue_base@internal@tbb@@IBEHXZ 10001cf0 f   concurrent_queue_v2.obj
 0001:00000d60       ?internal_set_capacity@concurrent_queue_base@internal@tbb@@IAEXHI@Z 10001d60 f   concurrent_queue_v2.obj
 0001:00000da0       ??0concurrent_queue_iterator_base@internal@tbb@@IAE@ABVconcurrent_queue_base@12@@Z 10001da0 f   concurrent_queue_v2.obj
 0001:00000e60       ?assign@concurrent_queue_iterator_base@internal@tbb@@IAEXABV123@@Z 10001e60 f   concurrent_queue_v2.obj
 0001:00000f10       ?advance@concurrent_queue_iterator_base@internal@tbb@@IAEXXZ 10001f10 f   concurrent_queue_v2.obj
 0001:00001020       ??1concurrent_queue_iterator_base@internal@tbb@@IAE@XZ 10002020 f   concurrent_queue_v2.obj
 0001:00001110       ?push@micro_queue@internal@tbb@@QAEXPBXIAAVconcurrent_queue_base@23@@Z 10002110 f   concurrent_queue_v2.obj
 0001:000012f0       ?pop@micro_queue@internal@tbb@@QAE_NPAXIAAVconcurrent_queue_base@23@@Z 100022f0 f   concurrent_queue_v2.obj
 0001:00001480       ??$__TBB_machine_load_with_acquire@H@@YAHADH@Z 10002480 f i concurrent_queue_v2.obj
 0001:000014a0       ??$__TBB_machine_store_with_release@HH@@YAXAAHH@Z 100024a0 f i concurrent_queue_v2.obj
 0001:000014c0       ??$compare_and_swap@$0A@@?$atomic_impl@I@internal@tbb@@QAEIII@Z 100024c0 f i concurrent_queue_v2.obj
 0001:00001560       ??$fetch_and_add@$0A@@?$atomic_impl_with_arithmetic@IID@internal@tbb@@QAEII@Z 10002560 f i concurrent_queue_v2.obj
 0001:00001590       ??$spin_wait_until_eq@U?$atomic@I@tbb@@I@internal@tbb@@YAXADU?$atomic@I@1@I@Z 10002590 f i concurrent_queue_v2.obj
 0001:00001610       ??$spin_wait_while_eq@U?$atomic@I@tbb@@I@internal@tbb@@YAXADU?$atomic@I@1@I@Z 10002610 f i concurrent_queue_v2.obj
 0001:00001690       ??0?$cache_aligned_allocator@Vconcurrent_queue_rep@internal@tbb@@@tbb@@QAE@XZ 10002690 f i concurrent_queue_v2.obj
 0001:000016b0       ??0atomic_backoff@internal@tbb@@QAE@XZ 100026b0 f i concurrent_queue_v2.obj
 0001:000016d0       ??0concurrent_queue_iterator_rep@internal@tbb@@QAE@ABVconcurrent_queue_base@12@@Z 100026d0 f i concurrent_queue_v2.obj
 0001:00001760       ??0no_copy@internal@tbb@@QAE@XZ 10002760 f i concurrent_queue_v2.obj
 0001:00001780       ??0pop_finalizer@micro_queue@internal@tbb@@QAE@AAU123@IPAUpage@concurrent_queue_base@23@@Z 10002780 f i concurrent_queue_v2.obj
 0001:000017d0       ??0push_finalizer@micro_queue@internal@tbb@@QAE@AAU123@I@Z 100027d0 f i concurrent_queue_v2.obj
 0001:00001810       ??0scoped_lock@spin_mutex@tbb@@QAE@AAV12@@Z 10002810 f i concurrent_queue_v2.obj
 0001:00001850       ??1pop_finalizer@micro_queue@internal@tbb@@QAE@XZ 10002850 f i concurrent_queue_v2.obj
 0001:00001970       ??1push_finalizer@micro_queue@internal@tbb@@QAE@XZ 10002970 f i concurrent_queue_v2.obj
 0001:000019a0       ??1scoped_lock@spin_mutex@tbb@@QAE@XZ 100029a0 f i concurrent_queue_v2.obj
 0001:000019d0       ??4?$atomic@I@tbb@@QAEII@Z 100029d0 f i concurrent_queue_v2.obj
 0001:00001a00       ??4?$atomic@PAUpage@concurrent_queue_base@internal@tbb@@@tbb@@QAEPAUpage@concurrent_queue_base@internal@1@PAU2341@@Z 10002a00 f i concurrent_queue_v2.obj
 0001:00001a30       ??B?$atomic_impl@I@internal@tbb@@QDEIXZ 10002a30 f i concurrent_queue_v2.obj
 0001:00001aa0       ??B?$atomic_impl@PAUpage@concurrent_queue_base@internal@tbb@@@internal@tbb@@QDEPAUpage@concurrent_queue_base@12@XZ 10002aa0 f i concurrent_queue_v2.obj
 0001:00001b10       ??E?$atomic_impl_with_arithmetic@IID@internal@tbb@@QAEIH@Z 10002b10 f i concurrent_queue_v2.obj
 0001:00001b40       ??_Econcurrent_queue_base@internal@tbb@@MAEPAXI@Z 10002b40 f i concurrent_queue_v2.obj
 0001:00001b40       ??_Gconcurrent_queue_base@internal@tbb@@MAEPAXI@Z 10002b40 f i concurrent_queue_v2.obj
 0001:00001b80       ?allocate@?$cache_aligned_allocator@Vconcurrent_queue_rep@internal@tbb@@@tbb@@QAEPAVconcurrent_queue_rep@internal@2@IPBX@Z 10002b80 f i concurrent_queue_v2.obj
 0001:00001bc0       ?choose@concurrent_queue_iterator_rep@internal@tbb@@QAEPAXI@Z 10002bc0 f i concurrent_queue_v2.obj
 0001:00001c70       ?choose@concurrent_queue_rep@internal@tbb@@QAEAAUmicro_queue@23@I@Z 10002c70 f i concurrent_queue_v2.obj
 0001:00001cb0       ?compare_and_swap@?$atomic_impl@I@internal@tbb@@QAEIII@Z 10002cb0 f i concurrent_queue_v2.obj
 0001:00001ce0       ?compare_and_swap@?$atomic_traits@$03$0A@@internal@tbb@@SAHPCXHH@Z 10002ce0 f i concurrent_queue_v2.obj
 0001:00001d00       ?deallocate@?$cache_aligned_allocator@Vconcurrent_queue_rep@internal@tbb@@@tbb@@QAEXPAVconcurrent_queue_rep@internal@2@I@Z 10002d00 f i concurrent_queue_v2.obj
 0001:00001d30       ?fetch_and_add@?$atomic_impl_with_arithmetic@IID@internal@tbb@@QAEII@Z 10002d30 f i concurrent_queue_v2.obj
 0001:00001d60       ?fetch_and_add@?$atomic_traits@$03$0A@@internal@tbb@@SAHPCXH@Z 10002d60 f i concurrent_queue_v2.obj
 0001:00001d80       ?index@concurrent_queue_rep@internal@tbb@@SAII@Z 10002d80 f i concurrent_queue_v2.obj
 0001:00001da0       ?load_with_acquire@?$__TBB_machine_load_store@H$03@@SAHADH@Z 10002da0 f i concurrent_queue_v2.obj
 0001:00001dc0       ?pause@atomic_backoff@internal@tbb@@QAEXXZ 10002dc0 f i concurrent_queue_v2.obj
 0001:00001e20       ?store_with_release@?$__TBB_machine_load_store@H$03@@SAXACHH@Z 10002e20 f i concurrent_queue_v2.obj
 0001:00001e30       ?store_with_release@?$atomic_impl@I@internal@tbb@@IAEII@Z 10002e30 f i concurrent_queue_v2.obj
 0001:00001ea0       ?store_with_release@?$atomic_impl@PAUpage@concurrent_queue_base@internal@tbb@@@internal@tbb@@IAEPAUpage@concurrent_queue_base@23@PAU4523@@Z 10002ea0 f i concurrent_queue_v2.obj
 0001:00001fe0       ?internal_reserve@concurrent_vector_base@internal@tbb@@IAEXIII@Z 10002fe0 f   concurrent_vector_v2.obj
 0001:000020e0       ?internal_capacity@concurrent_vector_base@internal@tbb@@IBEIXZ 100030e0 f   concurrent_vector_v2.obj
 0001:00002120       ?internal_grow_to_at_least@concurrent_vector_base@internal@tbb@@IAEXIIP6AXPAXI@Z@Z 10003120 f   concurrent_vector_v2.obj
 0001:000021a0       ?internal_grow@concurrent_vector_base@internal@tbb@@IAEXIIIP6AXPAXI@Z@Z 100031a0 f   concurrent_vector_v2.obj
 0001:00002390       ?internal_grow_by@concurrent_vector_base@internal@tbb@@IAEIIIP6AXPAXI@Z@Z 10003390 f   concurrent_vector_v2.obj
 0001:000023f0       ?internal_push_back@concurrent_vector_base@internal@tbb@@IAEPAXIAAI@Z 100033f0 f   concurrent_vector_v2.obj
 0001:000025a0       ?internal_clear@concurrent_vector_base@internal@tbb@@IAEXP6AXPAXI@Z_N@Z 100035a0 f   concurrent_vector_v2.obj
 0001:00002780       ?internal_copy@concurrent_vector_base@internal@tbb@@IAEXABV123@IP6AXPAXPBXI@Z@Z 10003780 f   concurrent_vector_v2.obj
 0001:000028e0       ?internal_assign@concurrent_vector_base@internal@tbb@@IAEXABV123@IP6AXPAXI@ZP6AX1PBXI@Z4@Z 100038e0 f   concurrent_vector_v2.obj
 0001:00002b80       ?extend_segment@helper@concurrent_vector_base@internal@tbb@@CAXAAV234@@Z 10003b80 f   concurrent_vector_v2.obj
 0001:00002ca0       ??$_Allocate@D@std@@YAPADIPAD@Z 10003ca0 f i concurrent_vector_v2.obj
 0001:00002d00       ??$_Allocate@U_Container_proxy@std@@@std@@YAPAU_Container_proxy@0@IPAU10@@Z 10003d00 f i concurrent_vector_v2.obj
 0001:00002d60       ??$_Debug_pointer@D@std@@YAXPBDPB_WI@Z 10003d60 f i concurrent_vector_v2.obj
 0001:00002da0       ??$addressof@D@std@@YAPADAAD@Z 10003da0 f i concurrent_vector_v2.obj
 0001:00002db0       ??$compare_and_swap@$0A@@?$atomic_impl@PAUsegment_t@concurrent_vector_base@internal@tbb@@@internal@tbb@@QAEPAUsegment_t@concurrent_vector_base@12@PAU3412@0@Z 10003db0 f i concurrent_vector_v2.obj
 0001:00002e50       ??$construct@PADAAPAD@?$_Wrap_alloc@V?$allocator@D@std@@@std@@QAEXPAPADAAPAD@Z 10003e50 f i concurrent_vector_v2.obj
 0001:00002e90       ??$construct@PADAAPAD@?$allocator@D@std@@QAEXPAPADAAPAD@Z 10003e90 f i concurrent_vector_v2.obj
 0001:00002f40       ??$construct@PADAAPAD@?$allocator_traits@V?$allocator@D@std@@@std@@SAXAAV?$allocator@D@1@PAPADAAPAD@Z 10003f40 f i concurrent_vector_v2.obj
 0001:00002f70       ??$construct@U_Container_proxy@std@@U12@@?$allocator@U_Container_proxy@std@@@std@@QAEXPAU_Container_proxy@1@$$QAU21@@Z 10003f70 f i concurrent_vector_v2.obj
 0001:00003020       ??$destroy@PAD@?$_Wrap_alloc@V?$allocator@D@std@@@std@@QAEXPAPAD@Z 10004020 f i concurrent_vector_v2.obj
 0001:00003050       ??$destroy@PAD@?$allocator@D@std@@QAEXPAPAD@Z 10004050 f i concurrent_vector_v2.obj
 0001:00003070       ??$destroy@PAD@?$allocator_traits@V?$allocator@D@std@@@std@@SAXAAV?$allocator@D@1@PAPAD@Z 10004070 f i concurrent_vector_v2.obj
 0001:00003090       ??$destroy@U_Container_proxy@std@@@?$allocator@U_Container_proxy@std@@@std@@QAEXPAU_Container_proxy@1@@Z 10004090 f i concurrent_vector_v2.obj
 0001:000030b0       ??$forward@AAPAD@std@@YAAAPADAAPAD@Z 100040b0 f i concurrent_vector_v2.obj
 0001:000030c0       ??$forward@U_Container_proxy@std@@@std@@YA$$QAU_Container_proxy@0@AAU10@@Z 100040c0 f i concurrent_vector_v2.obj
 0001:000030d0       ??$spin_wait_while_eq@PAXPAX@internal@tbb@@YAXADSAXPAX@Z 100040d0 f i concurrent_vector_v2.obj
 0001:00003150       ??0?$_String_alloc@$0A@U?$_String_base_types@DV?$allocator@D@std@@@std@@@std@@QAE@ABV?$allocator@D@1@@Z 10004150 f i concurrent_vector_v2.obj
 0001:000031c0       ??0?$_String_val@U?$_Simple_types@D@std@@@std@@QAE@XZ 100041c0 f i concurrent_vector_v2.obj
 0001:00003210       ??0?$_Wrap_alloc@V?$allocator@D@std@@@std@@QAE@XZ 10004210 f i concurrent_vector_v2.obj
 0001:00003240       ??0?$allocator@D@std@@QAE@XZ 10004240 f i concurrent_vector_v2.obj
 0001:00003260       ??0?$allocator@U_Container_proxy@std@@@std@@QAE@XZ 10004260 f i concurrent_vector_v2.obj
 0001:00003280       ??0?$basic_string@DU?$char_traits@D@std@@V?$allocator@D@2@@std@@QAE@PBD@Z 10004280 f i concurrent_vector_v2.obj
 0001:00003310       ??0_Container_proxy@std@@QAE@XZ 10004310 f i concurrent_vector_v2.obj
 0001:00003340       ??0_Generic_error_category@std@@QAE@XZ 10004340 f i concurrent_vector_v2.obj
 0001:00003370       ??0_Iostream_error_category@std@@QAE@XZ 10004370 f i concurrent_vector_v2.obj
 0001:000033a0       ??0_System_error_category@std@@QAE@XZ 100043a0 f i concurrent_vector_v2.obj
 0001:000033d0       ??0error_category@std@@QAE@XZ 100043d0 f i concurrent_vector_v2.obj
 0001:000033f0       ??0error_condition@std@@QAE@HABVerror_category@1@@Z 100043f0 f i concurrent_vector_v2.obj
 0001:00003420       ??0length_error@std@@QAE@ABV01@@Z 10004420 f i concurrent_vector_v2.obj
 0001:00003460       ??0length_error@std@@QAE@PBD@Z 10004460 f i concurrent_vector_v2.obj
 0001:000034a0       ??0logic_error@std@@QAE@ABV01@@Z 100044a0 f i concurrent_vector_v2.obj
 0001:000034f0       ??0logic_error@std@@QAE@PBD@Z 100044f0 f i concurrent_vector_v2.obj
 0001:00003540       ??1?$_String_alloc@$0A@U?$_String_base_types@DV?$allocator@D@std@@@std@@@std@@QAE@XZ 10004540 f i concurrent_vector_v2.obj
 0001:00003570       ??1?$_String_val@U?$_Simple_types@D@std@@@std@@QAE@XZ 10004570 f i concurrent_vector_v2.obj
 0001:000035a0       ??1_Generic_error_category@std@@UAE@XZ 100045a0 f i concurrent_vector_v2.obj
 0001:000035d0       ??1_Iostream_error_category@std@@UAE@XZ 100045d0 f i concurrent_vector_v2.obj
 0001:00003600       ??1_System_error_category@std@@UAE@XZ 10004600 f i concurrent_vector_v2.obj
 0001:00003630       ??1error_category@std@@UAE@XZ 10004630 f i concurrent_vector_v2.obj
 0001:00003650       ??1length_error@std@@UAE@XZ 10004650 f i concurrent_vector_v2.obj
 0001:00003680       ??1logic_error@std@@UAE@XZ 10004680 f i concurrent_vector_v2.obj
 0001:000036b0       ??2@YAPAXIPAX@Z            100046b0 f i concurrent_vector_v2.obj
 0001:000036c0       ??3@YAXPAX0@Z              100046c0 f i concurrent_vector_v2.obj
 0001:000036d0       ??4?$atomic@PAUsegment_t@concurrent_vector_base@internal@tbb@@@tbb@@QAEPAUsegment_t@concurrent_vector_base@internal@1@PAU2341@@Z 100046d0 f i concurrent_vector_v2.obj
 0001:00003700       ??8error_category@std@@QBE_NABV01@@Z 10004700 f i concurrent_vector_v2.obj
 0001:00003740       ??8error_condition@std@@QBE_NABV01@@Z 10004740 f i concurrent_vector_v2.obj
 0001:000037c0       ??B?$atomic_impl@PAUsegment_t@concurrent_vector_base@internal@tbb@@@internal@tbb@@QDEPAUsegment_t@concurrent_vector_base@12@XZ 100047c0 f i concurrent_vector_v2.obj
 0001:00003830       ??_G_Generic_error_category@std@@UAEPAXI@Z 10004830 f i concurrent_vector_v2.obj
 0001:00003830       ??_E_Generic_error_category@std@@UAEPAXI@Z 10004830 f i concurrent_vector_v2.obj
 0001:00003870       ??_E_Iostream_error_category@std@@UAEPAXI@Z 10004870 f i concurrent_vector_v2.obj
 0001:00003870       ??_G_Iostream_error_category@std@@UAEPAXI@Z 10004870 f i concurrent_vector_v2.obj
 0001:000038b0       ??_E_System_error_category@std@@UAEPAXI@Z 100048b0 f i concurrent_vector_v2.obj
 0001:000038b0       ??_G_System_error_category@std@@UAEPAXI@Z 100048b0 f i concurrent_vector_v2.obj
 0001:000038f0       ??_Eerror_category@std@@UAEPAXI@Z 100048f0 f i concurrent_vector_v2.obj
 0001:000038f0       ??_Gerror_category@std@@UAEPAXI@Z 100048f0 f i concurrent_vector_v2.obj
 0001:00003930       ??_Glength_error@std@@UAEPAXI@Z 10004930 f i concurrent_vector_v2.obj
 0001:00003930       ??_Elength_error@std@@UAEPAXI@Z 10004930 f i concurrent_vector_v2.obj
 0001:00003970       ??_Glogic_error@std@@UAEPAXI@Z 10004970 f i concurrent_vector_v2.obj
 0001:00003970       ??_Elogic_error@std@@UAEPAXI@Z 10004970 f i concurrent_vector_v2.obj
 0001:000039b0       ?_Alloc_proxy@?$_String_alloc@$0A@U?$_String_base_types@DV?$allocator@D@std@@@std@@@std@@QAEXXZ 100049b0 f i concurrent_vector_v2.obj
 0001:00003a50       ?_Copy@?$basic_string@DU?$char_traits@D@std@@V?$allocator@D@2@@std@@QAEXII@Z 10004a50 f i concurrent_vector_v2.obj
 0001:00003c50       ?_Eos@?$basic_string@DU?$char_traits@D@std@@V?$allocator@D@2@@std@@QAEXI@Z 10004c50 f i concurrent_vector_v2.obj
 0001:00003ca0       ?_Free_proxy@?$_String_alloc@$0A@U?$_String_base_types@DV?$allocator@D@std@@@std@@@std@@QAEXXZ 10004ca0 f i concurrent_vector_v2.obj
 0001:00003d40       ?_Getal@?$_String_alloc@$0A@U?$_String_base_types@DV?$allocator@D@std@@@std@@@std@@QBE?AU?$_Wrap_alloc@V?$allocator@D@std@@@2@XZ 10004d40 f i concurrent_vector_v2.obj
 0001:00003d70       ?_Grow@?$basic_string@DU?$char_traits@D@std@@V?$allocator@D@2@@std@@QAE_NI_N@Z 10004d70 f i concurrent_vector_v2.obj
 0001:00003e40       ?_Inside@?$basic_string@DU?$char_traits@D@std@@V?$allocator@D@2@@std@@QAE_NPBD@Z 10004e40 f i concurrent_vector_v2.obj
 0001:00003e90       ?_Myptr@?$_String_val@U?$_Simple_types@D@std@@@std@@QAEPADXZ 10004e90 f i concurrent_vector_v2.obj
 0001:00003ee0       ?_Myptr@?$_String_val@U?$_Simple_types@D@std@@@std@@QBEPBDXZ 10004ee0 f i concurrent_vector_v2.obj
 0001:00003f30       ?_Tidy@?$basic_string@DU?$char_traits@D@std@@V?$allocator@D@2@@std@@QAEX_NI@Z 10004f30 f i concurrent_vector_v2.obj
 0001:00004000       ?_Xlen@?$basic_string@DU?$char_traits@D@std@@V?$allocator@D@2@@std@@QBEXXZ 10005000 f i concurrent_vector_v2.obj
 0001:00004040       ?_Xran@?$basic_string@DU?$char_traits@D@std@@V?$allocator@D@2@@std@@QBEXXZ 10005040 f i concurrent_vector_v2.obj
 0001:00004080       ?allocate@?$_Wrap_alloc@V?$allocator@D@std@@@std@@QAEPADI@Z 10005080 f i concurrent_vector_v2.obj
 0001:000040b0       ?allocate@?$allocator@D@std@@QAEPADI@Z 100050b0 f i concurrent_vector_v2.obj
 0001:000040e0       ?allocate@?$allocator@U_Container_proxy@std@@@std@@QAEPAU_Container_proxy@2@I@Z 100050e0 f i concurrent_vector_v2.obj
 0001:00004110       ?assign@?$basic_string@DU?$char_traits@D@std@@V?$allocator@D@2@@std@@QAEAAV12@ABV12@II@Z 10005110 f i concurrent_vector_v2.obj
 0001:000041e0       ?assign@?$basic_string@DU?$char_traits@D@std@@V?$allocator@D@2@@std@@QAEAAV12@PBD@Z 100051e0 f i concurrent_vector_v2.obj
 0001:00004230       ?assign@?$basic_string@DU?$char_traits@D@std@@V?$allocator@D@2@@std@@QAEAAV12@PBDI@Z 10005230 f i concurrent_vector_v2.obj
 0001:000042e0       ?assign@?$char_traits@D@std@@SAXAADABD@Z 100052e0 f i concurrent_vector_v2.obj
 0001:000042f0       ?category@error_code@std@@QBEABVerror_category@2@XZ 100052f0 f i concurrent_vector_v2.obj
 0001:00004310       ?category@error_condition@std@@QBEABVerror_category@2@XZ 10005310 f i concurrent_vector_v2.obj
 0001:00004330       ?compare_and_swap@?$atomic_impl@PAUsegment_t@concurrent_vector_base@internal@tbb@@@internal@tbb@@QAEPAUsegment_t@concurrent_vector_base@23@PAU4523@0@Z 10005330 f i concurrent_vector_v2.obj
 0001:00004360       ?copy@?$char_traits@D@std@@SAPADPADPBDI@Z 10005360 f i concurrent_vector_v2.obj
 0001:000043b0       ?deallocate@?$_Wrap_alloc@V?$allocator@D@std@@@std@@QAEXPADI@Z 100053b0 f i concurrent_vector_v2.obj
 0001:000043e0       ?deallocate@?$allocator@D@std@@QAEXPADI@Z 100053e0 f i concurrent_vector_v2.obj
 0001:00004410       ?deallocate@?$allocator@U_Container_proxy@std@@@std@@QAEXPAU_Container_proxy@2@I@Z 10005410 f i concurrent_vector_v2.obj
 0001:00004440       ?default_error_condition@_System_error_category@std@@UBE?AVerror_condition@2@H@Z 10005440 f i concurrent_vector_v2.obj
 0001:000044b0       ?default_error_condition@error_category@std@@UBE?AVerror_condition@2@H@Z 100054b0 f i concurrent_vector_v2.obj
 0001:000044f0       ?equivalent@error_category@std@@UBE_NABVerror_code@2@H@Z 100054f0 f i concurrent_vector_v2.obj
 0001:00004550       ?equivalent@error_category@std@@UBE_NHABVerror_condition@2@@Z 10005550 f i concurrent_vector_v2.obj
 0001:000045b0       ?erase@?$basic_string@DU?$char_traits@D@std@@V?$allocator@D@2@@std@@QAEAAV12@I@Z 100055b0 f i concurrent_vector_v2.obj
 0001:000045f0       ?erase@?$basic_string@DU?$char_traits@D@std@@V?$allocator@D@2@@std@@QAEAAV12@II@Z 100055f0 f i concurrent_vector_v2.obj
 0001:000046a0       ?extend_segment_if_necessary@helper@concurrent_vector_base@internal@tbb@@SAXAAV234@I@Z 100056a0 f i concurrent_vector_v2.obj
 0001:000046f0       ?find_segment_end@helper@concurrent_vector_base@internal@tbb@@SAKABV234@@Z 100056f0 f i concurrent_vector_v2.obj
 0001:00004790       ?generic_category@std@@YAABVerror_category@1@XZ 10005790 f i concurrent_vector_v2.obj
 0001:000047a0       ?length@?$char_traits@D@std@@SAIPBD@Z 100057a0 f i concurrent_vector_v2.obj
 0001:000047e0       ?max_size@?$_Wrap_alloc@V?$allocator@D@std@@@std@@QBEIXZ 100057e0 f i concurrent_vector_v2.obj
 0001:00004810       ?max_size@?$allocator@D@std@@QBEIXZ 10005810 f i concurrent_vector_v2.obj
 0001:00004830       ?max_size@?$allocator_traits@V?$allocator@D@std@@@std@@SAIABV?$allocator@D@2@@Z 10005830 f i concurrent_vector_v2.obj
 0001:00004850       ?max_size@?$basic_string@DU?$char_traits@D@std@@V?$allocator@D@2@@std@@QBEIXZ 10005850 f i concurrent_vector_v2.obj
 0001:000048b0       ?message@_Generic_error_category@std@@UBE?AV?$basic_string@DU?$char_traits@D@std@@V?$allocator@D@2@@2@H@Z 100058b0 f i concurrent_vector_v2.obj
 0001:00004930       ?message@_Iostream_error_category@std@@UBE?AV?$basic_string@DU?$char_traits@D@std@@V?$allocator@D@2@@2@H@Z 10005930 f i concurrent_vector_v2.obj
 0001:000049a0       ?message@_System_error_category@std@@UBE?AV?$basic_string@DU?$char_traits@D@std@@V?$allocator@D@2@@2@H@Z 100059a0 f i concurrent_vector_v2.obj
 0001:00004a20       ?move@?$char_traits@D@std@@SAPADPADPBDI@Z 10005a20 f i concurrent_vector_v2.obj
 0001:00004a70       ?name@_Generic_error_category@std@@UBEPBDXZ 10005a70 f i concurrent_vector_v2.obj
 0001:00004a90       ?name@_Iostream_error_category@std@@UBEPBDXZ 10005a90 f i concurrent_vector_v2.obj
 0001:00004ab0       ?name@_System_error_category@std@@UBEPBDXZ 10005ab0 f i concurrent_vector_v2.obj
 0001:00004ad0       ?segment_base@concurrent_vector_base@internal@tbb@@KAKK@Z 10005ad0 f i concurrent_vector_v2.obj
 0001:00004af0       ?segment_index_of@concurrent_vector_base@internal@tbb@@KAKI@Z 10005af0 f i concurrent_vector_v2.obj
 0001:00004b40       ?segment_size@concurrent_vector_base@internal@tbb@@KAKK@Z 10005b40 f i concurrent_vector_v2.obj
 0001:00004bd0       ?size@?$basic_string@DU?$char_traits@D@std@@V?$allocator@D@2@@std@@QBEIXZ 10005bd0 f i concurrent_vector_v2.obj
 0001:00004bf0       ?store_with_release@?$atomic_impl@PAUsegment_t@concurrent_vector_base@internal@tbb@@@internal@tbb@@IAEPAUsegment_t@concurrent_vector_base@23@PAU4523@@Z 10005bf0 f i concurrent_vector_v2.obj
 0001:00004c60       ?system_category@std@@YAABVerror_category@1@XZ 10005c60 f i concurrent_vector_v2.obj
 0001:00004c70       ?value@error_code@std@@QBEHXZ 10005c70 f i concurrent_vector_v2.obj
 0001:00004c90       ?value@error_condition@std@@QBEHXZ 10005c90 f i concurrent_vector_v2.obj
 0001:00004cb0       _hypot                     10005cb0 f i concurrent_vector_v2.obj
 0001:00004cf0       ?internal_itt_releasing@spin_rw_mutex@tbb@@CAXPAV12@@Z 10005cf0 f   spin_rw_mutex_v2.obj
 0001:00004d20       ?internal_acquire_writer@spin_rw_mutex@tbb@@CA_NPAV12@@Z 10005d20 f   spin_rw_mutex_v2.obj
 0001:00004e40       ?internal_release_writer@spin_rw_mutex@tbb@@CAXPAV12@@Z 10005e40 f   spin_rw_mutex_v2.obj
 0001:00004ea0       ?internal_acquire_reader@spin_rw_mutex@tbb@@CAXPAV12@@Z 10005ea0 f   spin_rw_mutex_v2.obj
 0001:00004fd0       ?internal_upgrade@spin_rw_mutex@tbb@@CA_NPAV12@@Z 10005fd0 f   spin_rw_mutex_v2.obj
 0001:00005190       ?internal_downgrade@spin_rw_mutex@tbb@@CAXPAV12@@Z 10006190 f   spin_rw_mutex_v2.obj
 0001:00005240       ?internal_release_reader@spin_rw_mutex@tbb@@CAXPAV12@@Z 10006240 f   spin_rw_mutex_v2.obj
 0001:000052d0       ?internal_try_acquire_writer@spin_rw_mutex@tbb@@CA_NPAV12@@Z 100062d0 f   spin_rw_mutex_v2.obj
 0001:00005340       ?internal_try_acquire_reader@spin_rw_mutex@tbb@@CA_NPAV12@@Z 10006340 f   spin_rw_mutex_v2.obj
 0001:000054d0       ?reset@atomic_backoff@internal@tbb@@QAEXXZ 100064d0 f i spin_rw_mutex_v2.obj
 0001:000054f0       ?open@tbb_factory@rml@internal@tbb@@QAE?AW4status_type@factory@2@XZ 100064f0 f   rml_tbb.obj
 0001:00005680       ?make_server@tbb_factory@rml@internal@tbb@@QAE?AW4status_type@factory@2@AAPAVtbb_server@234@AAVtbb_client@234@@Z 10006680 f   rml_tbb.obj
 0001:000056f0       ?close@tbb_factory@rml@internal@tbb@@QAEXXZ 100066f0 f   rml_tbb.obj
 0001:00005760       ?call_with_server_info@tbb_factory@rml@internal@tbb@@QBEXP6AXPAXPBD@Z0@Z 10006760 f   rml_tbb.obj
 0001:000057d0       ?NFS_GetLineSize@internal@tbb@@YAIXZ 100067d0 f   cache_aligned_allocator.obj
 0001:000057e0       ?NFS_Allocate@internal@tbb@@YAPAXIIPAX@Z 100067e0 f   cache_aligned_allocator.obj
 0001:00005960       ?NFS_Free@internal@tbb@@YAXPAX@Z 10006960 f   cache_aligned_allocator.obj
 0001:00005a30       ?deallocate_via_handler_v3@internal@tbb@@YAXPAX@Z 10006a30 f   cache_aligned_allocator.obj
 0001:00005a60       ?allocate_via_handler_v3@internal@tbb@@YAPAXI@Z 10006a60 f   cache_aligned_allocator.obj
 0001:00005ac0       ?is_malloc_used_v3@internal@tbb@@YA_NXZ 10006ac0 f   cache_aligned_allocator.obj
 0001:00005c70       ?initialize_cache_aligned_allocator@internal@tbb@@YAXXZ 10006c70 f   cache_aligned_allocator.obj
 0001:00005d20       ??0bad_alloc@std@@QAE@ABV01@@Z 10006d20 f i cache_aligned_allocator.obj
 0001:00005d70       ??0bad_alloc@std@@QAE@XZ   10006d70 f i cache_aligned_allocator.obj
 0001:00005dd0       ??1bad_alloc@std@@UAE@XZ   10006dd0 f i cache_aligned_allocator.obj
 0001:00005e10       ??_Ebad_alloc@std@@UAEPAXI@Z 10006e10 f i cache_aligned_allocator.obj
 0001:00005e10       ??_Gbad_alloc@std@@UAEPAXI@Z 10006e10 f i cache_aligned_allocator.obj
 0001:00005e50       ?internal_grow_predicate@hash_map_segment_base@internal@tbb@@QBE_NXZ 10006e50 f   concurrent_hash_map.obj
 0001:00005f50       ??0concurrent_queue_base_v3@internal@tbb@@IAE@I@Z 10006f50 f   concurrent_queue.obj
 0001:000061d0       ??1concurrent_queue_base_v3@internal@tbb@@MAE@XZ 100071d0 f   concurrent_queue.obj
 0001:000062e0       ?internal_push@concurrent_queue_base_v3@internal@tbb@@IAEXPBX@Z 100072e0 f   concurrent_queue.obj
 0001:000065e0       ?internal_pop@concurrent_queue_base_v3@internal@tbb@@IAEXPAX@Z 100075e0 f   concurrent_queue.obj
 0001:000068a0       ?internal_push_if_not_full@concurrent_queue_base_v3@internal@tbb@@IAE_NPBX@Z 100078a0 f   concurrent_queue.obj
 0001:000069e0       ?internal_pop_if_present@concurrent_queue_base_v3@internal@tbb@@IAE_NPAX@Z 100079e0 f   concurrent_queue.obj
 0001:00006b30       ?internal_size@concurrent_queue_base_v3@internal@tbb@@IBEHXZ 10007b30 f   concurrent_queue.obj
 0001:00006bb0       ?internal_empty@concurrent_queue_base_v3@internal@tbb@@IBE_NXZ 10007bb0 f   concurrent_queue.obj
 0001:00006c40       ?internal_set_capacity@concurrent_queue_base_v3@internal@tbb@@IAEXHI@Z 10007c40 f   concurrent_queue.obj
 0001:00006c80       ?internal_finish_clear@concurrent_queue_base_v3@internal@tbb@@IAEXXZ 10007c80 f   concurrent_queue.obj
 0001:00006d70       ?internal_throw_exception@concurrent_queue_base_v3@internal@tbb@@IBEXXZ 10007d70 f   concurrent_queue.obj
 0001:00006db0       ?assign@concurrent_queue_base_v3@internal@tbb@@IAEXABV123@@Z 10007db0 f   concurrent_queue.obj
 0001:00006ef0       ??0concurrent_queue_iterator_base_v3@internal@tbb@@IAE@ABVconcurrent_queue_base_v3@12@@Z 10007ef0 f   concurrent_queue.obj
 0001:00006fe0       ?assign@concurrent_queue_iterator_base_v3@internal@tbb@@IAEXABV123@@Z 10007fe0 f   concurrent_queue.obj
 0001:000070b0       ?advance@concurrent_queue_iterator_base_v3@internal@tbb@@IAEXXZ 100080b0 f   concurrent_queue.obj
 0001:00007200       ??1concurrent_queue_iterator_base_v3@internal@tbb@@IAE@XZ 10008200 f   concurrent_queue.obj
 0001:00007250       ?push@micro_queue@internal@tbb@@QAEXPBXIAAVconcurrent_queue_base_v3@23@@Z 10008250 f   concurrent_queue.obj
 0001:00007530       ?pop@micro_queue@internal@tbb@@QAE_NPAXIAAVconcurrent_queue_base_v3@23@@Z 10008530 f   concurrent_queue.obj
 0001:00007750       ?assign@micro_queue@internal@tbb@@QAEAAU123@ABU123@AAVconcurrent_queue_base_v3@23@@Z 10008750 f   concurrent_queue.obj
 0001:00007a30       ?make_copy@micro_queue@internal@tbb@@QAEPAUpage@concurrent_queue_base_v3@23@AAV523@PBU4523@IIAAI@Z 10008a30 f   concurrent_queue.obj
 0001:00007af0       ?make_invalid@micro_queue@internal@tbb@@QAEXI@Z 10008af0 f   concurrent_queue.obj
 0001:00007c10       ??0?$cache_aligned_allocator@Vconcurrent_queue_iterator_rep@internal@tbb@@@tbb@@QAE@XZ 10008c10 f i concurrent_queue.obj
 0001:00007c30       ??0bad_last_alloc@tbb@@QAE@ABV01@@Z 10008c30 f i concurrent_queue.obj
 0001:00007c70       ??0bad_last_alloc@tbb@@QAE@XZ 10008c70 f i concurrent_queue.obj
 0001:00007ca0       ??0concurrent_queue_iterator_rep@internal@tbb@@QAE@ABVconcurrent_queue_base_v3@12@@Z 10008ca0 f i concurrent_queue.obj
 0001:00007d30       ??0micro_queue_pop_finalizer@internal@tbb@@QAE@AAUmicro_queue@12@AAVconcurrent_queue_base_v3@12@IPAUpage@412@@Z 10008d30 f i concurrent_queue.obj
 0001:00007d80       ??1bad_last_alloc@tbb@@UAE@XZ 10008d80 f i concurrent_queue.obj
 0001:00007db0       ??1micro_queue_pop_finalizer@internal@tbb@@QAE@XZ 10008db0 f i concurrent_queue.obj
 0001:00007ee0       ??4?$atomic@I@tbb@@QAEAAU01@ABU01@@Z 10008ee0 f i concurrent_queue.obj
 0001:00007f20       ??4?$atomic@PAUpage@concurrent_queue_base_v3@internal@tbb@@@tbb@@QAEPAUpage@concurrent_queue_base_v3@internal@1@PAU2341@@Z 10008f20 f i concurrent_queue.obj
 0001:00007f50       ??B?$atomic_impl@PAUpage@concurrent_queue_base_v3@internal@tbb@@@internal@tbb@@QDEPAUpage@concurrent_queue_base_v3@12@XZ 10008f50 f i concurrent_queue.obj
 0001:00007fc0       ??E?$atomic_impl_with_arithmetic@IID@internal@tbb@@QAEIXZ 10008fc0 f i concurrent_queue.obj
 0001:00007ff0       ??F?$atomic_impl_with_arithmetic@IID@internal@tbb@@QAEIXZ 10008ff0 f i concurrent_queue.obj
 0001:00008020       ??Y?$atomic_impl_with_arithmetic@IID@internal@tbb@@QAEII@Z 10009020 f i concurrent_queue.obj
 0001:00008050       ??_Ebad_last_alloc@tbb@@UAEPAXI@Z 10009050 f i concurrent_queue.obj
 0001:00008050       ??_Gbad_last_alloc@tbb@@UAEPAXI@Z 10009050 f i concurrent_queue.obj
 0001:00008090       ??_Gconcurrent_queue_base_v3@internal@tbb@@MAEPAXI@Z 10009090 f i concurrent_queue.obj
 0001:00008090       ??_Econcurrent_queue_base_v3@internal@tbb@@MAEPAXI@Z 10009090 f i concurrent_queue.obj
 0001:000080d0       ?allocate@?$cache_aligned_allocator@Vconcurrent_queue_iterator_rep@internal@tbb@@@tbb@@QAEPAVconcurrent_queue_iterator_rep@internal@2@IPBX@Z 100090d0 f i concurrent_queue.obj
 0001:00008100       ?bounded_pause@atomic_backoff@internal@tbb@@QAE_NXZ 10009100 f i concurrent_queue.obj
 0001:00008150       ?deallocate@?$cache_aligned_allocator@Vconcurrent_queue_iterator_rep@internal@tbb@@@tbb@@QAEXPAVconcurrent_queue_iterator_rep@internal@2@I@Z 10009150 f i concurrent_queue.obj
 0001:00008180       ?get_item@concurrent_queue_iterator_rep@internal@tbb@@QAE_NAAPAXI@Z 10009180 f i concurrent_queue.obj
 0001:00008270       ?store_with_release@?$atomic_impl@PAUpage@concurrent_queue_base_v3@internal@tbb@@@internal@tbb@@IAEPAUpage@concurrent_queue_base_v3@23@PAU4523@@Z 10009270 f i concurrent_queue.obj
 0001:000082e0       ?what@bad_last_alloc@tbb@@UBEPBDXZ 100092e0 f i concurrent_queue.obj
 0001:000083d0       ??1concurrent_vector_base_v3@internal@tbb@@IAE@XZ 100093d0 f   concurrent_vector.obj
 0001:00008500       ?internal_reserve@concurrent_vector_base_v3@internal@tbb@@IAEXIII@Z 10009500 f   concurrent_vector.obj
 0001:00008680       ?internal_capacity@concurrent_vector_base_v3@internal@tbb@@IBEIXZ 10009680 f   concurrent_vector.obj
 0001:000086c0       ?internal_grow@concurrent_vector_base_v3@internal@tbb@@IAEXIIIP6AXPAXPBXI@Z1@Z 100096c0 f   concurrent_vector.obj
 0001:00008890       ?internal_grow_by@concurrent_vector_base_v3@internal@tbb@@IAEIIIP6AXPAXPBXI@Z1@Z 10009890 f   concurrent_vector.obj
 0001:000088f0       ?internal_push_back@concurrent_vector_base_v3@internal@tbb@@IAEPAXIAAI@Z 100098f0 f   concurrent_vector.obj
 0001:000089e0       ?internal_clear@concurrent_vector_base_v3@internal@tbb@@IAEIP6AXPAXI@Z@Z 100099e0 f   concurrent_vector.obj
 0001:00008b40       ?internal_compact@concurrent_vector_base_v3@internal@tbb@@IAEPAXIPAXP6AX0I@ZP6AX0PBXI@Z@Z 10009b40 f   concurrent_vector.obj
 0001:00009010       ?internal_copy@concurrent_vector_base_v3@internal@tbb@@IAEXABV123@IP6AXPAXPBXI@Z@Z 1000a010 f   concurrent_vector.obj
 0001:000091a0       ?internal_assign@concurrent_vector_base_v3@internal@tbb@@IAEXABV123@IP6AXPAXI@ZP6AX1PBXI@Z4@Z 1000a1a0 f   concurrent_vector.obj
 0001:00009510       ?internal_throw_exception@concurrent_vector_base_v3@internal@tbb@@IBEXI@Z 1000a510 f   concurrent_vector.obj
 0001:000095b0       ?internal_swap@concurrent_vector_base_v3@internal@tbb@@IAEXAAV123@@Z 1000a5b0 f   concurrent_vector.obj
 0001:00009800       ?internal_resize@concurrent_vector_base_v3@internal@tbb@@IAEXIIIPBXP6AXPAXI@ZP6AX10I@Z@Z 1000a800 f   concurrent_vector.obj
 0001:000099c0       ?internal_grow_to_at_least_with_result@concurrent_vector_base_v3@internal@tbb@@IAEIIIP6AXPAXPBXI@Z1@Z 1000a9c0 f   concurrent_vector.obj
 0001:00009bd0       ?internal_grow_to_at_least@concurrent_vector_base_v3@internal@tbb@@IAEXIIP6AXPAXPBXI@Z1@Z 1000abd0 f   concurrent_vector.obj
 0001:00009c10       ??$__TBB_machine_load_with_acquire@PAX@@YAPAXADSAX@Z 1000ac10 f i concurrent_vector.obj
 0001:00009c30       ??$__TBB_machine_store_with_release@PAXPAX@@YAXAAPAXPAX@Z 1000ac30 f i concurrent_vector.obj
 0001:00009c50       ??$apply@Udestroy_body@helper@concurrent_vector_base_v3@internal@tbb@@@helper@concurrent_vector_base_v3@internal@tbb@@QAEIABUdestroy_body@0123@@Z 1000ac50 f i concurrent_vector.obj
 0001:00009d20       ??$apply@Uinit_body@helper@concurrent_vector_base_v3@internal@tbb@@@helper@concurrent_vector_base_v3@internal@tbb@@QAEIABUinit_body@0123@@Z 1000ad20 f i concurrent_vector.obj
 0001:00009df0       ??$apply@Usafe_init_body@helper@concurrent_vector_base_v3@internal@tbb@@@helper@concurrent_vector_base_v3@internal@tbb@@QAEIABUsafe_init_body@0123@@Z 1000adf0 f i concurrent_vector.obj
 0001:00009ec0       ??$compare_and_swap@$0A@@?$atomic_impl@PAUsegment_t@concurrent_vector_base_v3@internal@tbb@@@internal@tbb@@QAEPAUsegment_t@concurrent_vector_base_v3@12@PAU3412@0@Z 1000aec0 f i concurrent_vector.obj
 0001:00009f60       ??$spin_wait_while_eq@U?$atomic@PAUsegment_t@concurrent_vector_base_v3@internal@tbb@@@tbb@@PAUsegment_t@concurrent_vector_base_v3@internal@2@@internal@tbb@@YAXADU?$atomic@PAUsegment_t@concurrent_vector_base_v3@internal@tbb@@@1@PAUsegment_t@concurrent_vector_base_v3@01@@Z 1000af60 f i concurrent_vector.obj
 0001:00009fe0       ??0destroy_body@helper@concurrent_vector_base_v3@internal@tbb@@QAE@P6AXPAXI@Z@Z 1000afe0 f i concurrent_vector.obj
 0001:0000a000       ??0helper@concurrent_vector_base_v3@internal@tbb@@QAE@PAUsegment_t@123@IIIII@Z 1000b000 f i concurrent_vector.obj
 0001:0000a060       ??0init_body@helper@concurrent_vector_base_v3@internal@tbb@@QAE@P6AXPAXPBXI@Z1@Z 1000b060 f i concurrent_vector.obj
 0001:0000a090       ??0out_of_range@std@@QAE@ABV01@@Z 1000b090 f i concurrent_vector.obj
 0001:0000a0d0       ??0out_of_range@std@@QAE@PBD@Z 1000b0d0 f i concurrent_vector.obj
 0001:0000a110       ??0range_error@std@@QAE@ABV01@@Z 1000b110 f i concurrent_vector.obj
 0001:0000a150       ??0range_error@std@@QAE@PBD@Z 1000b150 f i concurrent_vector.obj
 0001:0000a190       ??0runtime_error@std@@QAE@ABV01@@Z 1000b190 f i concurrent_vector.obj
 0001:0000a1e0       ??0runtime_error@std@@QAE@PBD@Z 1000b1e0 f i concurrent_vector.obj
 0001:0000a230       ??0safe_init_body@helper@concurrent_vector_base_v3@internal@tbb@@QAE@P6AXPAXPBXI@Z1@Z 1000b230 f i concurrent_vector.obj
 0001:0000a260       ??1helper@concurrent_vector_base_v3@internal@tbb@@QAE@XZ 1000b260 f i concurrent_vector.obj
 0001:0000a4d0       ??1out_of_range@std@@UAE@XZ 1000b4d0 f i concurrent_vector.obj
 0001:0000a500       ??1range_error@std@@UAE@XZ 1000b500 f i concurrent_vector.obj
 0001:0000a530       ??1runtime_error@std@@UAE@XZ 1000b530 f i concurrent_vector.obj
 0001:0000a560       ??1segment_t@concurrent_vector_base_v3@internal@tbb@@QAE@XZ 1000b560 f i concurrent_vector.obj
 0001:0000a5a0       ??4?$atomic@PAUsegment_t@concurrent_vector_base_v3@internal@tbb@@@tbb@@QAEAAU01@ABU01@@Z 1000b5a0 f i concurrent_vector.obj
 0001:0000a5e0       ??4?$atomic@PAUsegment_t@concurrent_vector_base_v3@internal@tbb@@@tbb@@QAEPAUsegment_t@concurrent_vector_base_v3@internal@1@PAU2341@@Z 1000b5e0 f i concurrent_vector.obj
 0001:0000a610       ??B?$atomic_impl@PAUsegment_t@concurrent_vector_base_v3@internal@tbb@@@internal@tbb@@QDEPAUsegment_t@concurrent_vector_base_v3@12@XZ 1000b610 f i concurrent_vector.obj
 0001:0000a680       ??Rdestroy_body@helper@concurrent_vector_base_v3@internal@tbb@@QBEXAAUsegment_t@234@PAXI@Z 1000b680 f i concurrent_vector.obj
 0001:0000a6d0       ??Rinit_body@helper@concurrent_vector_base_v3@internal@tbb@@QBEXAAUsegment_t@234@PAXI@Z 1000b6d0 f i concurrent_vector.obj
 0001:0000a720       ??Rsafe_init_body@helper@concurrent_vector_base_v3@internal@tbb@@QBEXAAUsegment_t@234@PAXI@Z 1000b720 f i concurrent_vector.obj
 0001:0000a790       ??_Eout_of_range@std@@UAEPAXI@Z 1000b790 f i concurrent_vector.obj
 0001:0000a790       ??_Gout_of_range@std@@UAEPAXI@Z 1000b790 f i concurrent_vector.obj
 0001:0000a7d0       ??_Grange_error@std@@UAEPAXI@Z 1000b7d0 f i concurrent_vector.obj
 0001:0000a7d0       ??_Erange_error@std@@UAEPAXI@Z 1000b7d0 f i concurrent_vector.obj
 0001:0000a810       ??_Eruntime_error@std@@UAEPAXI@Z 1000b810 f i concurrent_vector.obj
 0001:0000a810       ??_Gruntime_error@std@@UAEPAXI@Z 1000b810 f i concurrent_vector.obj
 0001:0000a850       ?acquire_segment@helper@concurrent_vector_base_v3@internal@tbb@@SAAAUsegment_t@234@AAV234@II_N@Z 1000b850 f i concurrent_vector.obj
 0001:0000a950       ?allocate_segment@helper@concurrent_vector_base_v3@internal@tbb@@SAPAXAAV234@I@Z 1000b950 f i concurrent_vector.obj
 0001:0000a9c0       ?assign_first_segment_if_neccessary@helper@concurrent_vector_base_v3@internal@tbb@@SAXAAV234@I@Z 1000b9c0 f i concurrent_vector.obj
 0001:0000a9f0       ?compare_and_swap@?$atomic_impl@PAUsegment_t@concurrent_vector_base_v3@internal@tbb@@@internal@tbb@@QAEPAUsegment_t@concurrent_vector_base_v3@23@PAU4523@0@Z 1000b9f0 f i concurrent_vector.obj
 0001:0000aa20       ?enable_segment@helper@concurrent_vector_base_v3@internal@tbb@@SAIAAV234@II@Z 1000ba20 f i concurrent_vector.obj
 0001:0000ad00       ?extend_segment_table@helper@concurrent_vector_base_v3@internal@tbb@@SAXAAV234@I@Z 1000bd00 f i concurrent_vector.obj
 0001:0000aef0       ?extend_table_if_necessary@helper@concurrent_vector_base_v3@internal@tbb@@SAXAAV234@II@Z 1000bef0 f i concurrent_vector.obj
 0001:0000af30       ?find_segment_end@helper@concurrent_vector_base_v3@internal@tbb@@SAIABV234@@Z 1000bf30 f i concurrent_vector.obj
 0001:0000afb0       ?first_segment@helper@concurrent_vector_base_v3@internal@tbb@@QAEXXZ 1000bfb0 f i concurrent_vector.obj
 0001:0000b0d0       ?get_segment_ptr@helper@concurrent_vector_base_v3@internal@tbb@@QAEPAXI_N@Z 1000c0d0 f i concurrent_vector.obj
 0001:0000b180       ?incompact_predicate@helper@concurrent_vector_base_v3@internal@tbb@@SA_NI@Z 1000c180 f i concurrent_vector.obj
 0001:0000b1d0       ?load_with_acquire@?$__TBB_machine_load_store@PAX$03@@SAPAXADSAX@Z 1000c1d0 f i concurrent_vector.obj
 0001:0000b1f0       ?next_segment@helper@concurrent_vector_base_v3@internal@tbb@@QAEXXZ 1000c1f0 f i concurrent_vector.obj
 0001:0000b260       ?publish_segment@helper@concurrent_vector_base_v3@internal@tbb@@SAXAAUsegment_t@234@PAX@Z 1000c260 f i concurrent_vector.obj
 0001:0000b2a0       ?segment_base@concurrent_vector_base_v3@internal@tbb@@KAII@Z 1000c2a0 f i concurrent_vector.obj
 0001:0000b2c0       ?segment_index_of@concurrent_vector_base_v3@internal@tbb@@KAII@Z 1000c2c0 f i concurrent_vector.obj
 0001:0000b2e0       ?segment_size@concurrent_vector_base_v3@internal@tbb@@KAII@Z 1000c2e0 f i concurrent_vector.obj
 0001:0000b2f0       ?store_with_release@?$__TBB_machine_load_store@PAX$03@@SAXACRAXPAX@Z 1000c2f0 f i concurrent_vector.obj
 0001:0000b300       ?store_with_release@?$atomic_impl@PAUsegment_t@concurrent_vector_base_v3@internal@tbb@@@internal@tbb@@IAEPAUsegment_t@concurrent_vector_base_v3@23@PAU4523@@Z 1000c300 f i concurrent_vector.obj
 0001:0000b370       ?dynamic_link@internal@tbb@@YA_NPBDQBUdynamic_link_descriptor@12@IIPAPAUHINSTANCE__@@@Z 1000c370 f   dynamic_link.obj
 0001:0000b480       ?dynamic_unlink@internal@tbb@@YAXPAUHINSTANCE__@@@Z 1000c480 f   dynamic_link.obj
 0001:0000b4b0       ?dynamic_link@internal@tbb@@YA_NPAXQBUdynamic_link_descriptor@12@II@Z 1000c4b0 f   dynamic_link.obj
 0001:0000b640       ?itt_set_sync_name_v3@internal@tbb@@YAXPAXPB_W@Z 1000c640 f   itt_notify.obj
 0001:0000b680       ?InitializeITT@internal@tbb@@YA_NXZ 1000c680 f   itt_notify.obj
 0001:0000b6c0       ?itt_store_pointer_with_release_v3@internal@tbb@@YAXPAX0@Z 1000c6c0 f   itt_notify.obj
 0001:0000b700       ?itt_load_pointer_with_acquire_v3@internal@tbb@@YAPAXPBX@Z 1000c700 f   itt_notify.obj
 0001:0000b750       ?itt_load_pointer_v3@internal@tbb@@YAPAXPBX@Z 1000c750 f   itt_notify.obj
 0001:0000b770       ___TBB_load_ittnotify      1000c770 f   itt_notify_proxy.obj
 0001:0000b790       ___itt_set_error_handler   1000c790 f   itt_notify_proxy.obj
 0001:0000cc00       ?internal_acquire@scoped_lock@mutex@tbb@@AAEXAAV23@@Z 1000dc00 f   mutex.obj
 0001:0000cce0       ?internal_try_acquire@scoped_lock@mutex@tbb@@AAE_NAAV23@@Z 1000dce0 f   mutex.obj
 0001:0000cdf0       ?internal_release@scoped_lock@mutex@tbb@@AAEXXZ 1000ddf0 f   mutex.obj
 0001:0000cef0       ?internal_construct@mutex@tbb@@AAEXXZ 1000def0 f   mutex.obj
 0001:0000cf60       ?internal_destroy@mutex@tbb@@AAEXXZ 1000df60 f   mutex.obj
 0001:0000d050       ??1filter@tbb@@UAE@XZ      1000e050 f   pipeline.obj
 0001:0000d130       ?try_process_item@thread_bound_filter@tbb@@QAE?AW4result_type@12@XZ 1000e130 f   pipeline.obj
 0001:0000d160       ?process_item@thread_bound_filter@tbb@@QAE?AW4result_type@12@XZ 1000e160 f   pipeline.obj
 0001:0000d190       ?internal_process_item@thread_bound_filter@tbb@@AAE?AW4result_type@12@_N@Z 1000e190 f   pipeline.obj
 0001:0000d390       ??0pipeline@tbb@@QAE@XZ    1000e390 f   pipeline.obj
 0001:0000d400       ??1pipeline@tbb@@UAE@XZ    1000e400 f   pipeline.obj
 0001:0000d430       ?add_filter@pipeline@tbb@@QAEXAAVfilter@2@@Z 1000e430 f   pipeline.obj
 0001:0000d700       ?run@pipeline@tbb@@QAEXI@Z 1000e700 f   pipeline.obj
 0001:0000d7e0       ?run@pipeline@tbb@@QAEXIAAVtask_group_context@2@@Z 1000e7e0 f   pipeline.obj
 0001:0000d980       ?clear@pipeline@tbb@@QAEXXZ 1000e980 f   pipeline.obj
 0001:0000da80       ?remove_filter@pipeline@tbb@@AAEXAAVfilter@2@@Z 1000ea80 f   pipeline.obj
 0001:0000dbd0       ?inject_token@pipeline@tbb@@AAEXAAVtask@2@@Z 1000ebd0 f   pipeline.obj
 0001:0000dc10       ?clear_filters@pipeline@tbb@@AAEXXZ 1000ec10 f   pipeline.obj
 0001:0000dc90       ?grow@input_buffer@internal@tbb@@AAEXK@Z 1000ec90 f   pipeline.obj
 0001:0000ddd0       ?execute@stage_task@internal@tbb@@UAEPAVtask@3@XZ 1000edd0 f   pipeline.obj
 0001:0000e350       ??$fetch_and_add@$0A@@?$atomic_impl_with_arithmetic@KKD@internal@tbb@@QAEKK@Z 1000f350 f i pipeline.obj
 0001:0000e380       ??$note_done@Vstage_task@internal@tbb@@@input_buffer@internal@tbb@@QAEXKAAVstage_task@12@@Z 1000f380 f i pipeline.obj
 0001:0000e4e0       ??$poison_pointer@Utask_info@internal@tbb@@@internal@tbb@@YAXAAPAUtask_info@01@@Z 1000f4e0 f i pipeline.obj
 0001:0000e4f0       ??$put_token@Vstage_task@internal@tbb@@@input_buffer@internal@tbb@@QAE_NAAVstage_task@12@@Z 1000f4f0 f i pipeline.obj
 0001:0000e6c0       ??0?$cache_aligned_allocator@Utask_info@internal@tbb@@@tbb@@QAE@XZ 1000f6c0 f i pipeline.obj
 0001:0000e6e0       ??0allocate_additional_child_of_proxy@internal@tbb@@QAE@AAVtask@2@0@Z 1000f6e0 f i pipeline.obj
 0001:0000e710       ??0allocate_root_with_context_proxy@internal@tbb@@QAE@AAVtask_group_context@2@@Z 1000f710 f i pipeline.obj
 0001:0000e730       ??0input_buffer@internal@tbb@@QAE@_N0@Z 1000f730 f i pipeline.obj
 0001:0000e7c0       ??0pipeline_cleaner@internal@tbb@@QAE@AAVpipeline@2@@Z 1000f7c0 f i pipeline.obj
 0001:0000e800       ??0pipeline_root_task@internal@tbb@@QAE@AAVpipeline@2@@Z 1000f800 f i pipeline.obj
 0001:0000e930       ??0spin_mutex@tbb@@QAE@XZ  1000f930 f i pipeline.obj
 0001:0000e960       ??0stage_task@internal@tbb@@QAE@AAVpipeline@2@@Z 1000f960 f i pipeline.obj
 0001:0000ea00       ??0stage_task@internal@tbb@@QAE@AAVpipeline@2@PAVfilter@2@ABUtask_info@12@@Z 1000fa00 f i pipeline.obj
 0001:0000ea70       ??0task@tbb@@IAE@XZ        1000fa70 f i pipeline.obj
 0001:0000eac0       ??0task_group_context@tbb@@QAE@W4kind_type@01@I@Z 1000fac0 f i pipeline.obj
 0001:0000eb10       ??1input_buffer@internal@tbb@@QAE@XZ 1000fb10 f i pipeline.obj
 0001:0000eb80       ??1pipeline_cleaner@internal@tbb@@QAE@XZ 1000fb80 f i pipeline.obj
 0001:0000ebd0       ??1pipeline_root_task@internal@tbb@@UAE@XZ 1000fbd0 f i pipeline.obj
 0001:0000ec00       ??1stage_task@internal@tbb@@UAE@XZ 1000fc00 f i pipeline.obj
 0001:0000ecf0       ??1task@tbb@@UAE@XZ        1000fcf0 f i pipeline.obj
 0001:0000ed10       ??2@YAPAXIABVallocate_additional_child_of_proxy@internal@tbb@@@Z 1000fd10 f i pipeline.obj
 0001:0000ed30       ??2@YAPAXIABVallocate_child_proxy@internal@tbb@@@Z 1000fd30 f i pipeline.obj
 0001:0000ed50       ??2@YAPAXIABVallocate_root_with_context_proxy@internal@tbb@@@Z 1000fd50 f i pipeline.obj
 0001:0000ed70       ??3@YAXPAXABVallocate_additional_child_of_proxy@internal@tbb@@@Z 1000fd70 f i pipeline.obj
 0001:0000ed90       ??3@YAXPAXABVallocate_child_proxy@internal@tbb@@@Z 1000fd90 f i pipeline.obj
 0001:0000edb0       ??3@YAXPAXABVallocate_root_with_context_proxy@internal@tbb@@@Z 1000fdb0 f i pipeline.obj
 0001:0000edd0       ??4?$atomic@K@tbb@@QAEKK@Z 1000fdd0 f i pipeline.obj
 0001:0000ee00       ??B?$atomic_impl@K@internal@tbb@@QDEKXZ 1000fe00 f i pipeline.obj
 0001:0000ee70       ??E?$atomic_impl_with_arithmetic@KKD@internal@tbb@@QAEKH@Z 1000fe70 f i pipeline.obj
 0001:0000eea0       ??E?$atomic_impl_with_arithmetic@KKD@internal@tbb@@QAEKXZ 1000fea0 f i pipeline.obj
 0001:0000eed0       ??F?$atomic_impl_with_arithmetic@KKD@internal@tbb@@QAEKH@Z 1000fed0 f i pipeline.obj
 0001:0000ef00       ??F?$atomic_impl_with_arithmetic@KKD@internal@tbb@@QAEKXZ 1000ff00 f i pipeline.obj
 0001:0000ef30       ??_Efilter@tbb@@UAEPAXI@Z  1000ff30 f i pipeline.obj
 0001:0000ef30       ??_Gfilter@tbb@@UAEPAXI@Z  1000ff30 f i pipeline.obj
 0001:0000ef70       ??_Ginput_buffer@internal@tbb@@QAEPAXI@Z 1000ff70 f i pipeline.obj
 0001:0000efb0       ??_Epipeline@tbb@@UAEPAXI@Z 1000ffb0 f i pipeline.obj
 0001:0000efb0       ??_Gpipeline@tbb@@UAEPAXI@Z 1000ffb0 f i pipeline.obj
 0001:0000eff0       ??_Gpipeline_root_task@internal@tbb@@UAEPAXI@Z 1000fff0 f i pipeline.obj
 0001:0000eff0       ??_Epipeline_root_task@internal@tbb@@UAEPAXI@Z 1000fff0 f i pipeline.obj
 0001:0000f030       ??_Estage_task@internal@tbb@@UAEPAXI@Z 10010030 f i pipeline.obj
 0001:0000f030       ??_Gstage_task@internal@tbb@@UAEPAXI@Z 10010030 f i pipeline.obj
 0001:0000f070       ??_Etask@tbb@@UAEPAXI@Z    10010070 f i pipeline.obj
 0001:0000f070       ??_Gtask@tbb@@UAEPAXI@Z    10010070 f i pipeline.obj
 0001:0000f0b0       ?add_to_depth@task@tbb@@QAEXH@Z 100100b0 f i pipeline.obj
 0001:0000f0d0       ?allocate@?$cache_aligned_allocator@Utask_info@internal@tbb@@@tbb@@QAEPAUtask_info@internal@2@IPBX@Z 100100d0 f i pipeline.obj
 0001:0000f100       ?allocate_additional_child_of@task@tbb@@QAE?AVallocate_additional_child_of_proxy@internal@2@AAV12@@Z 10010100 f i pipeline.obj
 0001:0000f140       ?allocate_child@task@tbb@@QAEAAVallocate_child_proxy@internal@2@XZ 10010140 f i pipeline.obj
 0001:0000f160       ?allocate_root@task@tbb@@SA?AVallocate_root_with_context_proxy@internal@2@AAVtask_group_context@2@@Z 10010160 f i pipeline.obj
 0001:0000f180       ?clear@input_buffer@internal@tbb@@QAEXPAVfilter@3@@Z 10010180 f i pipeline.obj
 0001:0000f230       ?deallocate@?$cache_aligned_allocator@Utask_info@internal@tbb@@@tbb@@QAEXPAUtask_info@internal@2@I@Z 10010230 f i pipeline.obj
 0001:0000f260       ?execute@pipeline_root_task@internal@tbb@@EAEPAVtask@3@XZ 10010260 f i pipeline.obj
 0001:0000f570       ?fetch_and_add@?$atomic_impl_with_arithmetic@KKD@internal@tbb@@QAEKK@Z 10010570 f i pipeline.obj
 0001:0000f5a0       ?finalize@filter@tbb@@UAEXPAX@Z 100105a0 f i pipeline.obj
 0001:0000f5c0       ?is_bound@filter@tbb@@QBE_NXZ 100105c0 f i pipeline.obj
 0001:0000f600       ?is_cancelled@task@tbb@@QBE_NXZ 10010600 f i pipeline.obj
 0001:0000f630       ?is_ordered@filter@tbb@@QBE_NXZ 10010630 f i pipeline.obj
 0001:0000f670       ?is_serial@filter@tbb@@QBE_NXZ 10010670 f i pipeline.obj
 0001:0000f690       ?not_in_pipeline@filter@tbb@@CAPAV12@XZ 10010690 f i pipeline.obj
 0001:0000f6a0       ?parent@task@tbb@@QBEPAV12@XZ 100106a0 f i pipeline.obj
 0001:0000f6d0       ?prefix@task@tbb@@ABEAAVtask_prefix@internal@2@PAUversion_tag_v3@42@@Z 100106d0 f i pipeline.obj
 0001:0000f6f0       ?put_item@input_buffer@internal@tbb@@QAEXAAUtask_info@23@@Z 100106f0 f i pipeline.obj
 0001:0000f8a0       ?put_task_info@stage_task@internal@tbb@@QAEXAAUtask_info@23@@Z 100108a0 f i pipeline.obj
 0001:0000f8e0       ?recycle_as_continuation@task@tbb@@QAEXXZ 100108e0 f i pipeline.obj
 0001:0000f940       ?reset@stage_task@internal@tbb@@QAEXXZ 10010940 f i pipeline.obj
 0001:0000f980       ?reset@task_info@internal@tbb@@QAEXXZ 10010980 f i pipeline.obj
 0001:0000f9c0       ?return_item@input_buffer@internal@tbb@@QAE_NAAUtask_info@23@_N@Z 100109c0 f i pipeline.obj
 0001:0000fb10       ?set_ref_count@task@tbb@@QAEXH@Z 10010b10 f i pipeline.obj
 0001:0000fb40       ?spawn@task@tbb@@QAEXAAV12@@Z 10010b40 f i pipeline.obj
 0001:0000fba0       ?spawn_root_and_wait@task@tbb@@SAXAAV12@@Z 10010ba0 f i pipeline.obj
 0001:0000fc00       ?spawn_stage_task@stage_task@internal@tbb@@QAEXABUtask_info@23@@Z 10010c00 f i pipeline.obj
 0001:0000fce0       ?store_with_release@?$atomic_impl@K@internal@tbb@@IAEKK@Z 10010ce0 f i pipeline.obj
 0001:0000fdd0       ?run@private_worker@rml@internal@tbb@@AAEXXZ 10010dd0 f   private_server.obj
 0001:0000ff60       ?start_shutdown@private_worker@rml@internal@tbb@@AAEXXZ 10010f60 f   private_server.obj
 0001:00010000       ?thread_routine@private_worker@rml@internal@tbb@@CGIPAX@Z 10011000 f   private_server.obj
 0001:00010100       ?wake_some@private_server@rml@internal@tbb@@AAEXH@Z 10011100 f   private_server.obj
 0001:000102c0       ??1private_server@rml@internal@tbb@@EAE@XZ 100112c0 f   private_server.obj
 0001:00010380       ??0private_server@rml@internal@tbb@@QAE@AAVtbb_client@123@@Z 10011380 f   private_server.obj
 0001:00010560       ?adjust_job_count_estimate@private_server@rml@internal@tbb@@UAEXH@Z 10011560 f   private_server.obj
 0001:000105c0       ?make_private_server@rml@internal@tbb@@YAPAVtbb_server@123@AAVtbb_client@123@@Z 100115c0 f   private_server.obj
 0001:00010670       ??$compare_and_swap@$0A@@?$atomic_impl@H@internal@tbb@@QAEHHH@Z 10011670 f i private_server.obj
 0001:00010710       ??$compare_and_swap@$0A@@?$atomic_impl@W4state_t@private_worker@rml@internal@tbb@@@internal@tbb@@QAE?AW4state_t@private_worker@rml@12@W434512@0@Z 10011710 f i private_server.obj
 0001:000107b0       ??$fetch_and_add@$0A@@?$atomic_impl_with_arithmetic@HHD@internal@tbb@@QAEHH@Z 100117b0 f i private_server.obj
 0001:000107e0       ??$poison_pointer@Vpadded_private_worker@rml@internal@tbb@@@internal@tbb@@YAXAAPAVpadded_private_worker@rml@01@@Z 100117e0 f i private_server.obj
 0001:000107f0       ??0?$cache_aligned_allocator@Vpadded_private_worker@rml@internal@tbb@@@tbb@@QAE@XZ 100117f0 f i private_server.obj
 0001:00010810       ??0?$cache_aligned_allocator@Vprivate_server@rml@internal@tbb@@@tbb@@QAE@XZ 10011810 f i private_server.obj
 0001:00010830       ??0padded_private_worker@rml@internal@tbb@@QAE@AAVprivate_server@123@AAVtbb_client@123@I@Z 10011830 f i private_server.obj
 0001:00010870       ??0private_worker@rml@internal@tbb@@IAE@AAVprivate_server@123@AAVtbb_client@123@I@Z 10011870 f i private_server.obj
 0001:00010910       ??0server@rml@@QAE@XZ      10011910 f i private_server.obj
 0001:00010940       ??0tbb_server@rml@internal@tbb@@QAE@XZ 10011940 f i private_server.obj
 0001:00010970       ??0thread_monitor@internal@rml@@QAE@XZ 10011970 f i private_server.obj
 0001:000109e0       ??0versioned_object@rml@@QAE@XZ 100119e0 f i private_server.obj
 0001:00010a00       ??1padded_private_worker@rml@internal@tbb@@QAE@XZ 10011a00 f i private_server.obj
 0001:00010a30       ??1private_worker@rml@internal@tbb@@QAE@XZ 10011a30 f i private_server.obj
 0001:00010a60       ??1thread_monitor@internal@rml@@QAE@XZ 10011a60 f i private_server.obj
 0001:00010ab0       ??4?$atomic@H@tbb@@QAEHH@Z 10011ab0 f i private_server.obj
 0001:00010ae0       ??4?$atomic@PAVprivate_worker@rml@internal@tbb@@@tbb@@QAEPAVprivate_worker@rml@internal@1@PAV2341@@Z 10011ae0 f i private_server.obj
 0001:00010b10       ??4?$atomic@W4state_t@private_worker@rml@internal@tbb@@@tbb@@QAE?AW4state_t@private_worker@rml@internal@1@W423451@@Z 10011b10 f i private_server.obj
 0001:00010b40       ??B?$atomic_impl@H@internal@tbb@@QDEHXZ 10011b40 f i private_server.obj
 0001:00010bb0       ??B?$atomic_impl@PAVprivate_worker@rml@internal@tbb@@@internal@tbb@@QDEPAVprivate_worker@rml@12@XZ 10011bb0 f i private_server.obj
 0001:00010c20       ??B?$atomic_impl@W4state_t@private_worker@rml@internal@tbb@@@internal@tbb@@QDE?AW4state_t@private_worker@rml@12@XZ 10011c20 f i private_server.obj
 0001:00010c90       ??E?$atomic_impl_with_arithmetic@HHD@internal@tbb@@QAEHXZ 10011c90 f i private_server.obj
 0001:00010cc0       ??F?$atomic_impl_with_arithmetic@HHD@internal@tbb@@QAEHXZ 10011cc0 f i private_server.obj
 0001:00010cf0       ??Y?$atomic_impl_with_arithmetic@HHD@internal@tbb@@QAEHH@Z 10011cf0 f i private_server.obj
 0001:00010d20       ??_Gpadded_private_worker@rml@internal@tbb@@QAEPAXI@Z 10011d20 f i private_server.obj
 0001:00010d60       ??_Gprivate_server@rml@internal@tbb@@EAEPAXI@Z 10011d60 f i private_server.obj
 0001:00010d60       ??_Eprivate_server@rml@internal@tbb@@EAEPAXI@Z 10011d60 f i private_server.obj
 0001:00010da0       ?allocate@?$cache_aligned_allocator@Vpadded_private_worker@rml@internal@tbb@@@tbb@@QAEPAVpadded_private_worker@rml@internal@2@IPBX@Z 10011da0 f i private_server.obj
 0001:00010de0       ?allocate@?$cache_aligned_allocator@Vprivate_server@rml@internal@tbb@@@tbb@@QAEPAVprivate_server@rml@internal@2@IPBX@Z 10011de0 f i private_server.obj
 0001:00010e10       ?cancel_wait@thread_monitor@internal@rml@@QAEXXZ 10011e10 f i private_server.obj
 0001:00010e50       ?commit_wait@thread_monitor@internal@rml@@QAEXAAVcookie@123@@Z 10011e50 f i private_server.obj
 0001:00010f10       ?compare_and_swap@?$atomic_impl@H@internal@tbb@@QAEHHH@Z 10011f10 f i private_server.obj
 0001:00010f40       ?compare_and_swap@?$atomic_impl@W4state_t@private_worker@rml@internal@tbb@@@internal@tbb@@QAE?AW4state_t@private_worker@rml@23@W445623@0@Z 10011f40 f i private_server.obj
 0001:00010f70       ?deallocate@?$cache_aligned_allocator@Vpadded_private_worker@rml@internal@tbb@@@tbb@@QAEXPAVpadded_private_worker@rml@internal@2@I@Z 10011f70 f i private_server.obj
 0001:00010fa0       ?deallocate@?$cache_aligned_allocator@Vprivate_server@rml@internal@tbb@@@tbb@@QAEXPAVprivate_server@rml@internal@2@I@Z 10011fa0 f i private_server.obj
 0001:00010fd0       ?default_concurrency@private_server@rml@internal@tbb@@UBEIXZ 10011fd0 f i private_server.obj
 0001:00011000       ?fetch_and_add@?$atomic_impl_with_arithmetic@HHD@internal@tbb@@QAEHH@Z 10012000 f i private_server.obj
 0001:00011030       ?has_sleepers@private_server@rml@internal@tbb@@ABE_NXZ 10012030 f i private_server.obj
 0001:00011080       ?independent_thread_number_changed@private_server@rml@internal@tbb@@UAEXH@Z 10012080 f i private_server.obj
 0001:000110c0       ?launch@thread_monitor@internal@rml@@SAXP6GIPAX@Z0I@Z 100120c0 f i private_server.obj
 0001:000111b0       ?notify@thread_monitor@internal@rml@@QAEXXZ 100121b0 f i private_server.obj
 0001:00011230       ?prepare_wait@thread_monitor@internal@rml@@QAEXAAVcookie@123@@Z 10012230 f i private_server.obj
 0001:00011280       ?remove_server_ref@private_server@rml@internal@tbb@@AAEXXZ 10012280 f i private_server.obj
 0001:00011300       ?request_close_connection@private_server@rml@internal@tbb@@UAEXXZ 10012300 f i private_server.obj
 0001:00011360       ?store_with_release@?$atomic_impl@H@internal@tbb@@IAEHH@Z 10012360 f i private_server.obj
 0001:000113d0       ?store_with_release@?$atomic_impl@PAVprivate_worker@rml@internal@tbb@@@internal@tbb@@IAEPAVprivate_worker@rml@23@PAV4523@@Z 100123d0 f i private_server.obj
 0001:00011440       ?store_with_release@?$atomic_impl@W4state_t@private_worker@rml@internal@tbb@@@internal@tbb@@IAE?AW4state_t@private_worker@rml@23@W445623@@Z 10012440 f i private_server.obj
 0001:000114b0       ?try_insert_in_asleep_list@private_server@rml@internal@tbb@@AAE_NAAVprivate_worker@234@@Z 100124b0 f i private_server.obj
 0001:000115d0       ?version@private_server@rml@internal@tbb@@UBEIXZ 100125d0 f i private_server.obj
 0001:000115f0       ?yield@private_server@rml@internal@tbb@@UAEXXZ 100125f0 f i private_server.obj
 0001:000116c0       ?acquire@scoped_lock@queuing_mutex@tbb@@QAEXAAV23@@Z 100126c0 f   queuing_mutex.obj
 0001:000117d0       ?try_acquire@scoped_lock@queuing_mutex@tbb@@QAE_NAAV23@@Z 100127d0 f   queuing_mutex.obj
 0001:000118a0       ?release@scoped_lock@queuing_mutex@tbb@@QAEXXZ 100128a0 f   queuing_mutex.obj
 0001:00011980       ?internal_construct@queuing_mutex@tbb@@QAEXXZ 10012980 f   queuing_mutex.obj
 0001:000119d0       ??$__TBB_machine_load_with_acquire@I@@YAIADI@Z 100129d0 f i queuing_mutex.obj
 0001:000119f0       ??$__TBB_machine_store_with_release@IH@@YAXAAIH@Z 100129f0 f i queuing_mutex.obj
 0001:00011a10       ??$compare_and_swap@$01@?$atomic_impl@PAVscoped_lock@queuing_mutex@tbb@@@internal@tbb@@QAEPAVscoped_lock@queuing_mutex@2@PAV342@0@Z 10012a10 f i queuing_mutex.obj
 0001:00011ab0       ??$fetch_and_store@$01@?$atomic_impl@PAVscoped_lock@queuing_mutex@tbb@@@internal@tbb@@QAEPAVscoped_lock@queuing_mutex@2@PAV342@@Z 10012ab0 f i queuing_mutex.obj
 0001:00011b40       ??$poison_pointer@Vscoped_lock@queuing_mutex@tbb@@@internal@tbb@@YAXAAPAVscoped_lock@queuing_mutex@1@@Z 10012b40 f i queuing_mutex.obj
 0001:00011b50       ??$spin_wait_while_eq@IK@internal@tbb@@YAXADIK@Z 10012b50 f i queuing_mutex.obj
 0001:00011bd0       ??$spin_wait_while_eq@PAVscoped_lock@queuing_mutex@tbb@@PAV123@@internal@tbb@@YAXADSAVscoped_lock@queuing_mutex@1@PAV231@@Z 10012bd0 f i queuing_mutex.obj
 0001:00011c50       ??B?$atomic_impl@PAVscoped_lock@queuing_mutex@tbb@@@internal@tbb@@QDEPAVscoped_lock@queuing_mutex@2@XZ 10012c50 f i queuing_mutex.obj
 0001:00011cc0       ?compare_and_swap@?$atomic_traits@$03$01@internal@tbb@@SAHPCXHH@Z 10012cc0 f i queuing_mutex.obj
 0001:00011ce0       ?fetch_and_store@?$atomic_traits@$03$01@internal@tbb@@SAHPCXH@Z 10012ce0 f i queuing_mutex.obj
 0001:00011d00       ?initialize@scoped_lock@queuing_mutex@tbb@@AAEXXZ 10012d00 f i queuing_mutex.obj
 0001:00011d40       ?load_with_acquire@?$__TBB_machine_load_store@I$03@@SAIADI@Z 10012d40 f i queuing_mutex.obj
 0001:00011d60       ?store_with_release@?$__TBB_machine_load_store@I$03@@SAXACII@Z 10012d60 f i queuing_mutex.obj
 0001:00011e90       ?acquire@scoped_lock@queuing_rw_mutex@tbb@@QAEXAAV23@_N@Z 10012e90 f   queuing_rw_mutex.obj
 0001:00012280       ?try_acquire@scoped_lock@queuing_rw_mutex@tbb@@QAE_NAAV23@_N@Z 10013280 f   queuing_rw_mutex.obj
 0001:00012390       ?release@scoped_lock@queuing_rw_mutex@tbb@@QAEXXZ 10013390 f   queuing_rw_mutex.obj
 0001:00012830       ?upgrade_to_writer@scoped_lock@queuing_rw_mutex@tbb@@QAE_NXZ 10013830 f   queuing_rw_mutex.obj
 0001:00012df0       ?downgrade_to_reader@scoped_lock@queuing_rw_mutex@tbb@@QAE_NXZ 10013df0 f   queuing_rw_mutex.obj
 0001:00012f60       ?internal_construct@queuing_rw_mutex@tbb@@QAEXXZ 10013f60 f   queuing_rw_mutex.obj
 0001:00012fb0       ??$__TBB_machine_load_with_acquire@D@@YADADD@Z 10013fb0 f i queuing_rw_mutex.obj
 0001:00012fd0       ??$__TBB_machine_load_with_acquire@E@@YAEADE@Z 10013fd0 f i queuing_rw_mutex.obj
 0001:00012ff0       ??$__TBB_machine_load_with_acquire@PAVscoped_lock@queuing_rw_mutex@tbb@@@@YAPAVscoped_lock@queuing_rw_mutex@tbb@@ADSAV012@@Z 10013ff0 f i queuing_rw_mutex.obj
 0001:00013010       ??$__TBB_machine_store_with_release@DD@@YAXAADD@Z 10014010 f i queuing_rw_mutex.obj
 0001:00013030       ??$__TBB_machine_store_with_release@EE@@YAXAAEE@Z 10014030 f i queuing_rw_mutex.obj
 0001:00013050       ??$__TBB_machine_store_with_release@EH@@YAXAAEH@Z 10014050 f i queuing_rw_mutex.obj
 0001:00013070       ??$__TBB_machine_store_with_release@PAVscoped_lock@queuing_rw_mutex@tbb@@PAV123@@@YAXAAPAVscoped_lock@queuing_rw_mutex@tbb@@PAV012@@Z 10014070 f i queuing_rw_mutex.obj
 0001:00013090       ??$as_atomic@E@tbb@@YAAAU?$atomic@E@0@AAE@Z 10014090 f i queuing_rw_mutex.obj
 0001:000130a0       ??$compare_and_swap@$00@?$atomic_impl@E@internal@tbb@@QAEEEE@Z 100140a0 f i queuing_rw_mutex.obj
 0001:00013140       ??$compare_and_swap@$01@?$atomic_impl@E@internal@tbb@@QAEEEE@Z 10014140 f i queuing_rw_mutex.obj
 0001:000131e0       ??$compare_and_swap@$01@?$atomic_impl@PAVscoped_lock@queuing_rw_mutex@tbb@@@internal@tbb@@QAEPAVscoped_lock@queuing_rw_mutex@2@PAV342@0@Z 100141e0 f i queuing_rw_mutex.obj
 0001:00013280       ??$compare_and_swap@$01@?$tricky_atomic_pointer@Vscoped_lock@queuing_rw_mutex@tbb@@@tbb@@SAPAVscoped_lock@queuing_rw_mutex@1@PCRAV231@PAV231@1@Z 10014280 f i queuing_rw_mutex.obj
 0001:000132a0       ??$fetch_and_add@$00@?$tricky_atomic_pointer@Vscoped_lock@queuing_rw_mutex@tbb@@@tbb@@SAPAVscoped_lock@queuing_rw_mutex@1@PCRAV231@H@Z 100142a0 f i queuing_rw_mutex.obj
 0001:000132c0       ??$fetch_and_store@$01@?$atomic_impl@PAVscoped_lock@queuing_rw_mutex@tbb@@@internal@tbb@@QAEPAVscoped_lock@queuing_rw_mutex@2@PAV342@@Z 100142c0 f i queuing_rw_mutex.obj
 0001:00013350       ??$fetch_and_store@$01@?$tricky_atomic_pointer@Vscoped_lock@queuing_rw_mutex@tbb@@@tbb@@SAPAVscoped_lock@queuing_rw_mutex@1@PCRAV231@PAV231@@Z 10014350 f i queuing_rw_mutex.obj
 0001:00013370       ??$poison_pointer@Vscoped_lock@queuing_rw_mutex@tbb@@@internal@tbb@@YAXAAPAVscoped_lock@queuing_rw_mutex@1@@Z 10014370 f i queuing_rw_mutex.obj
 0001:00013380       ??$spin_wait_until_eq@EE@internal@tbb@@YAXADEE@Z 10014380 f i queuing_rw_mutex.obj
 0001:00013400       ??$spin_wait_until_eq@EH@internal@tbb@@YAXADEH@Z 10014400 f i queuing_rw_mutex.obj
 0001:00013480       ??$spin_wait_while_eq@EH@internal@tbb@@YAXADEH@Z 10014480 f i queuing_rw_mutex.obj
 0001:00013500       ??$spin_wait_while_eq@PAVscoped_lock@queuing_rw_mutex@tbb@@PAV123@@internal@tbb@@YAXADSAVscoped_lock@queuing_rw_mutex@1@PAV231@@Z 10014500 f i queuing_rw_mutex.obj
 0001:00013580       ??$spin_wait_while_eq@PAVscoped_lock@queuing_rw_mutex@tbb@@PAX@internal@tbb@@YAXADSAVscoped_lock@queuing_rw_mutex@1@PAX@Z 10014580 f i queuing_rw_mutex.obj
 0001:00013600       ??0?$tricky_atomic_pointer@Vscoped_lock@queuing_rw_mutex@tbb@@@tbb@@QAE@AAPAVscoped_lock@queuing_rw_mutex@1@@Z 10014600 f i queuing_rw_mutex.obj
 0001:00013640       ??4?$atomic@E@tbb@@QAEEE@Z 10014640 f i queuing_rw_mutex.obj
 0001:00013670       ??B?$atomic_impl@E@internal@tbb@@QDEEXZ 10014670 f i queuing_rw_mutex.obj
 0001:000136e0       ??B?$atomic_impl@PAVscoped_lock@queuing_rw_mutex@tbb@@@internal@tbb@@QDEPAVscoped_lock@queuing_rw_mutex@2@XZ 100146e0 f i queuing_rw_mutex.obj
 0001:00013750       ??I?$tricky_atomic_pointer@Vscoped_lock@queuing_rw_mutex@tbb@@@tbb@@QBEPAVscoped_lock@queuing_rw_mutex@1@H@Z 10014750 f i queuing_rw_mutex.obj
 0001:00013770       ??U?$tricky_atomic_pointer@Vscoped_lock@queuing_rw_mutex@tbb@@@tbb@@QBEPAVscoped_lock@queuing_rw_mutex@1@H@Z 10014770 f i queuing_rw_mutex.obj
 0001:00013790       ?acquire_internal_lock@scoped_lock@queuing_rw_mutex@tbb@@AAEXXZ 10014790 f i queuing_rw_mutex.obj
 0001:000137d0       ?compare_and_swap@?$atomic_traits@$00$00@internal@tbb@@SADPCXDD@Z 100147d0 f i queuing_rw_mutex.obj
 0001:00013800       ?compare_and_swap@?$atomic_traits@$00$01@internal@tbb@@SADPCXDD@Z 10014800 f i queuing_rw_mutex.obj
 0001:00013830       ?fetch_and_add@?$atomic_traits@$03$00@internal@tbb@@SAHPCXH@Z 10014830 f i queuing_rw_mutex.obj
 0001:00013850       ?get_flag@tbb@@YAIPAVscoped_lock@queuing_rw_mutex@1@@Z 10014850 f i queuing_rw_mutex.obj
 0001:00013880       ?initialize@scoped_lock@queuing_rw_mutex@tbb@@AAEXXZ 10014880 f i queuing_rw_mutex.obj
 0001:000138e0       ?load_with_acquire@?$__TBB_machine_load_store@D$00@@SADADD@Z 100148e0 f i queuing_rw_mutex.obj
 0001:00013900       ?load_with_acquire@?$__TBB_machine_load_store@E$00@@SAEADE@Z 10014900 f i queuing_rw_mutex.obj
 0001:00013920       ?load_with_acquire@?$__TBB_machine_load_store@PAVscoped_lock@queuing_rw_mutex@tbb@@$03@@SAPAVscoped_lock@queuing_rw_mutex@tbb@@ADSAV234@@Z 10014920 f i queuing_rw_mutex.obj
 0001:00013940       ?release_internal_lock@scoped_lock@queuing_rw_mutex@tbb@@AAEXXZ 10014940 f i queuing_rw_mutex.obj
 0001:00013970       ?store_with_release@?$__TBB_machine_load_store@D$00@@SAXACDD@Z 10014970 f i queuing_rw_mutex.obj
 0001:00013980       ?store_with_release@?$__TBB_machine_load_store@E$00@@SAXACEE@Z 10014980 f i queuing_rw_mutex.obj
 0001:00013990       ?store_with_release@?$__TBB_machine_load_store@PAVscoped_lock@queuing_rw_mutex@tbb@@$03@@SAXACRAVscoped_lock@queuing_rw_mutex@tbb@@PAV234@@Z 10014990 f i queuing_rw_mutex.obj
 0001:000139a0       ?store_with_release@?$atomic_impl@E@internal@tbb@@IAEEE@Z 100149a0 f i queuing_rw_mutex.obj
 0001:00013a10       ?try_acquire_internal_lock@scoped_lock@queuing_rw_mutex@tbb@@AAE_NXZ 10014a10 f i queuing_rw_mutex.obj
 0001:00013a70       ?unblock_or_wait_on_internal_lock@scoped_lock@queuing_rw_mutex@tbb@@AAEXI@Z 10014a70 f i queuing_rw_mutex.obj
 0001:00013ab0       ?wait_for_release_of_internal_lock@scoped_lock@queuing_rw_mutex@tbb@@AAEXXZ 10014ab0 f i queuing_rw_mutex.obj
 0001:00013ae0       ?internal_acquire@scoped_lock@recursive_mutex@tbb@@AAEXAAV23@@Z 10014ae0 f   recursive_mutex.obj
 0001:00013b90       ?internal_try_acquire@scoped_lock@recursive_mutex@tbb@@AAE_NAAV23@@Z 10014b90 f   recursive_mutex.obj
 0001:00013c60       ?internal_release@scoped_lock@recursive_mutex@tbb@@AAEXXZ 10014c60 f   recursive_mutex.obj
 0001:00013d30       ?internal_construct@recursive_mutex@tbb@@AAEXXZ 10014d30 f   recursive_mutex.obj
 0001:00013da0       ?internal_destroy@recursive_mutex@tbb@@AAEXXZ 10014da0 f   recursive_mutex.obj
 0001:00013eb0       ?internal_acquire@scoped_lock@spin_mutex@tbb@@AAEXAAV23@@Z 10014eb0 f   spin_mutex.obj
 0001:00013f50       ?internal_try_acquire@scoped_lock@spin_mutex@tbb@@AAE_NAAV23@@Z 10014f50 f   spin_mutex.obj
 0001:00013ff0       ?internal_release@scoped_lock@spin_mutex@tbb@@AAEXXZ 10014ff0 f   spin_mutex.obj
 0001:000140a0       ?internal_construct@spin_mutex@tbb@@QAEXXZ 100150a0 f   spin_mutex.obj
 0001:000140f0       ?__TBB_LockByte@@YAIAAE@Z  100150f0 f i spin_mutex.obj
 0001:00014180       ?__TBB_TryLockByte@@YA_NAAE@Z 10015180 f i spin_mutex.obj
 0001:000142b0       ?internal_acquire_writer@spin_rw_mutex_v3@tbb@@AAE_NXZ 100152b0 f   spin_rw_mutex.obj
 0001:000143b0       ?internal_release_writer@spin_rw_mutex_v3@tbb@@AAEXXZ 100153b0 f   spin_rw_mutex.obj
 0001:00014400       ?internal_acquire_reader@spin_rw_mutex_v3@tbb@@AAEXXZ 10015400 f   spin_rw_mutex.obj
 0001:00014510       ?internal_upgrade@spin_rw_mutex_v3@tbb@@AAE_NXZ 10015510 f   spin_rw_mutex.obj
 0001:00014690       ?internal_downgrade@spin_rw_mutex_v3@tbb@@AAEXXZ 10015690 f   spin_rw_mutex.obj
 0001:00014710       ?internal_release_reader@spin_rw_mutex_v3@tbb@@AAEXXZ 10015710 f   spin_rw_mutex.obj
 0001:00014790       ?internal_try_acquire_writer@spin_rw_mutex_v3@tbb@@AAE_NXZ 10015790 f   spin_rw_mutex.obj
 0001:00014810       ?internal_try_acquire_reader@spin_rw_mutex_v3@tbb@@AAE_NXZ 10015810 f   spin_rw_mutex.obj
 0001:000148a0       ?internal_construct@spin_rw_mutex_v3@tbb@@AAEXXZ 100158a0 f   spin_rw_mutex.obj
 0001:00014a30       ??1scheduler@internal@tbb@@UAE@XZ 10015a30 f   task.obj
 0001:00014a50       ?allocate@allocate_root_with_context_proxy@internal@tbb@@QBEAAVtask@3@I@Z 10015a50 f   task.obj
 0001:00014bd0       ?free@allocate_root_with_context_proxy@internal@tbb@@QBEXAAVtask@3@@Z 10015bd0 f   task.obj
 0001:00014c30       ?allocate@allocate_root_proxy@internal@tbb@@SAAAVtask@3@I@Z 10015c30 f   task.obj
 0001:00014cb0       ?free@allocate_root_proxy@internal@tbb@@SAXAAVtask@3@@Z 10015cb0 f   task.obj
 0001:00014d10       ?allocate@allocate_continuation_proxy@internal@tbb@@QBEAAVtask@3@I@Z 10015d10 f   task.obj
 0001:00014db0       ?free@allocate_continuation_proxy@internal@tbb@@QBEXAAVtask@3@@Z 10015db0 f   task.obj
 0001:00014e00       ?allocate@allocate_child_proxy@internal@tbb@@QBEAAVtask@3@I@Z 10015e00 f   task.obj
 0001:00014e90       ?free@allocate_child_proxy@internal@tbb@@QBEXAAVtask@3@@Z 10015e90 f   task.obj
 0001:00014ec0       ?allocate@allocate_additional_child_of_proxy@internal@tbb@@QBEAAVtask@3@I@Z 10015ec0 f   task.obj
 0001:00014f50       ?free@allocate_additional_child_of_proxy@internal@tbb@@QBEXAAVtask@3@@Z 10015f50 f   task.obj
 0001:00014f90       ??1task_group_context@tbb@@QAE@XZ 10015f90 f   task.obj
 0001:000150c0       ?reset@task_group_context@tbb@@QAEXXZ 100160c0 f   task.obj
 0001:00015110       ?cancel_group_execution@task_group_context@tbb@@QAE_NXZ 10016110 f   task.obj
 0001:00015190       ?is_group_execution_cancelled@task_group_context@tbb@@QBE_NXZ 10016190 f   task.obj
 0001:000151d0       ?register_pending_exception@task_group_context@tbb@@QAEXXZ 100161d0 f   task.obj
 0001:000153e0       ?init@task_group_context@tbb@@IAEXXZ 100163e0 f   task.obj
 0001:00015560       ?propagate_cancellation_from_ancestors@task_group_context@tbb@@QAEXXZ 10016560 f   task.obj
 0001:000155e0       ?internal_set_ref_count@task@tbb@@AAEXH@Z 100165e0 f   task.obj
 0001:00015690       ?internal_decrement_ref_count@task@tbb@@AAEHXZ 10016690 f   task.obj
 0001:00015760       ?destroy@task@tbb@@QAEXAAV12@@Z 10016760 f   task.obj
 0001:00015880       ?spawn_and_wait_for_all@task@tbb@@QAEXAAVtask_list@2@@Z 10016880 f   task.obj
 0001:00015930       ?self@task@tbb@@SAAAV12@XZ 10016930 f   task.obj
 0001:000159b0       ?is_owned_by_current_thread@task@tbb@@QBE_NXZ 100169b0 f   task.obj
 0001:000159d0       ?note_affinity@task@tbb@@UAEXG@Z 100169d0 f   task.obj
 0001:000159f0       ?move@captured_exception@tbb@@UAEPAV12@XZ 100169f0 f   task.obj
 0001:00015aa0       ?destroy@captured_exception@tbb@@UAEXXZ 10016aa0 f   task.obj
 0001:00015b10       ?name@captured_exception@tbb@@UBEPBDXZ 10016b10 f   task.obj
 0001:00015b30       ?what@captured_exception@tbb@@UBEPBDXZ 10016b30 f   task.obj
 0001:00015b50       ?set@captured_exception@tbb@@QAEXPBD0@Z 10016b50 f   task.obj
 0001:00015ba0       ?clear@captured_exception@tbb@@QAEXXZ 10016ba0 f   task.obj
 0001:00015be0       ?allocate@captured_exception@tbb@@SAPAV12@PBD0@Z 10016be0 f   task.obj
 0001:00015ca0       ?allocate@tbb_exception_ptr@internal@tbb@@SAPAV123@XZ 10016ca0 f   task.obj
 0001:00015d30       ?allocate@tbb_exception_ptr@internal@tbb@@SAPAV123@ABVtbb_exception@3@@Z 10016d30 f   task.obj
 0001:00015dc0       ?allocate@tbb_exception_ptr@internal@tbb@@SAPAV123@AAVcaptured_exception@3@@Z 10016dc0 f   task.obj
 0001:00015e10       ?destroy@tbb_exception_ptr@internal@tbb@@QAEXXZ 10016e10 f   task.obj
 0001:00015e40       ?initialize@task_scheduler_init@tbb@@QAEXH@Z 10016e40 f   task.obj
 0001:00015e70       ?initialize@task_scheduler_init@tbb@@QAEXHI@Z 10016e70 f   task.obj
 0001:00015f20       ?terminate@task_scheduler_init@tbb@@QAEXXZ 10016f20 f   task.obj
 0001:00015f90       ?default_num_threads@task_scheduler_init@tbb@@SAHXZ 10016f90 f   task.obj
 0001:00015fd0       ?observe@task_scheduler_observer_v3@internal@tbb@@QAEX_N@Z 10016fd0 f   task.obj
 0001:00016190       ?get_initial_auto_partitioner_divisor@internal@tbb@@YAIXZ 10017190 f   task.obj
 0001:000161c0       ?resize@affinity_partitioner_base_v3@internal@tbb@@AAEXI@Z 100171c0 f   task.obj
 0001:000162f0       ?remove_ref_slow@observer_proxy@internal@tbb@@AAEXXZ 100172f0 f   task.obj
 0001:000164a0       ?remove_from_list@observer_proxy@internal@tbb@@AAEXXZ 100174a0 f   task.obj
 0001:00016540       ??0observer_proxy@internal@tbb@@AAE@AAVtask_scheduler_observer_v3@12@@Z 10017540 f   task.obj
 0001:00016630       ?process_list@observer_proxy@internal@tbb@@SAPAV123@PAV123@_N1@Z 10017630 f   task.obj
 0001:00016940       ?open_connection_to_rml@UnpaddedArenaPrefix@internal@tbb@@IAEXXZ 10017940 f   task.obj
 0001:00016a50       ?create_one_job@UnpaddedArenaPrefix@internal@tbb@@EAEPAVjob@rml@@XZ 10017a50 f   task.obj
 0001:00016ad0       ?cleanup@UnpaddedArenaPrefix@internal@tbb@@EAEXAAVjob@rml@@@Z 10017ad0 f   task.obj
 0001:00016b30       ?acknowledge_close_connection@UnpaddedArenaPrefix@internal@tbb@@EAEXXZ 10017b30 f   task.obj
 0001:00016b60       ?process@UnpaddedArenaPrefix@internal@tbb@@EAEXAAVjob@rml@@@Z 10017b60 f   task.obj
 0001:00016c50       ?allocate_arena@Arena@internal@tbb@@CAPAV123@III@Z 10017c50 f   task.obj
 0001:00016fe0       ?check_if_pool_is_empty@Arena@internal@tbb@@AAE_NXZ 10017fe0 f   task.obj
 0001:00017170       ?terminate_workers@Arena@internal@tbb@@AAEXXZ 10018170 f   task.obj
 0001:00017240       ?DoOneTimeInitializations@internal@tbb@@YAXXZ 10018240 f   task.obj
 0001:000173a0       ?ITT_DoUnsafeOneTimeInitialization@internal@tbb@@YAXXZ 100183a0 f   task.obj
 0001:00017400       ?acquire_resources@__TBB_InitOnce@internal@tbb@@CAXXZ 10018400 f   task.obj
 0001:00017420       ?release_resources@__TBB_InitOnce@internal@tbb@@CAXXZ 10018420 f   task.obj
 0001:00017440       ??1__TBB_InitOnce@internal@tbb@@QAE@XZ 10018440 f   task.obj
 0001:00017480       ?auto_terminate@Governor@internal@tbb@@CAXPAX@Z 10018480 f   task.obj
 0001:00017530       ?init_scheduler@Governor@internal@tbb@@SAPAVGenericScheduler@23@HI_N@Z 10018530 f   task.obj
 0001:000175e0       ?terminate_scheduler@Governor@internal@tbb@@SAXPAVGenericScheduler@23@@Z 100185e0 f   task.obj
 0001:00017650       _ITT_DoOneTimeInitialization 10018650 f   task.obj
 0001:00017670       _DllMain@12                10018670 f   task.obj
 0001:000176d0       ?init_stack_info@GenericScheduler@internal@tbb@@AAEXXZ 100186d0 f   task.obj
 0001:000177c0       ?enter_arena@GenericScheduler@internal@tbb@@AAEXXZ 100187c0 f   task.obj
 0001:000178e0       ?try_enter_arena@GenericScheduler@internal@tbb@@AAEXXZ 100188e0 f   task.obj
 0001:00017b70       ?leave_arena@GenericScheduler@internal@tbb@@AAEXXZ 10018b70 f   task.obj
 0001:00017ce0       ?steal_task@GenericScheduler@internal@tbb@@AAEPAVtask@3@AAUArenaSlot@23@@Z 10018ce0 f   task.obj
 0001:00017ea0       ?allocate_task_pool@GenericScheduler@internal@tbb@@AAEPAPAVtask@3@I@Z 10018ea0 f   task.obj
 0001:00017f30       ?grow@GenericScheduler@internal@tbb@@AAEXI@Z 10018f30 f   task.obj
 0001:000180a0       ?create_master@GenericScheduler@internal@tbb@@CAPAV123@PAVArena@23@@Z 100190a0 f   task.obj
 0001:000182f0       ?cleanup_master@GenericScheduler@internal@tbb@@AAEXXZ 100192f0 f   task.obj
 0001:00018400       ?create_worker@GenericScheduler@internal@tbb@@CAPAV123@AAVArena@23@I@Z 10019400 f   task.obj
 0001:00018490       ?cleanup_worker@GenericScheduler@internal@tbb@@CAXPAX@Z 10019490 f   task.obj
 0001:00018530       ??0GenericScheduler@internal@tbb@@IAE@PAVArena@12@@Z 10019530 f   task.obj
 0001:000187e0       ?assert_okay@GenericScheduler@internal@tbb@@IBE_NXZ 100197e0 f   task.obj
 0001:00018800       ?local_spawn@GenericScheduler@internal@tbb@@QAEXAAVtask@3@AAPAV43@@Z 10019800 f   task.obj
 0001:00018dd0       ?local_spawn_root_and_wait@GenericScheduler@internal@tbb@@QAEXAAVtask@3@AAPAV43@@Z 10019dd0 f   task.obj
 0001:00019000       ?allocate_scheduler@GenericScheduler@internal@tbb@@SAPAV123@PAVArena@23@@Z 1001a000 f   task.obj
 0001:00019050       ?free_scheduler@GenericScheduler@internal@tbb@@QAEXXZ 1001a050 f   task.obj
 0001:00019270       ?free_nonlocal_small_task@GenericScheduler@internal@tbb@@QAEXAAVtask@3@@Z 1001a270 f   task.obj
 0001:000193a0       ?propagate_cancellation@GenericScheduler@internal@tbb@@QAEXPAVtask_group_context@3@@Z 1001a3a0 f   task.obj
 0001:00019580       ?propagate_cancellation@GenericScheduler@internal@tbb@@QAEXXZ 1001a580 f   task.obj
 0001:00019740       ??$AllocateExceptionContainer@Vcaptured_exception@tbb@@@internal@tbb@@YAPAVtbb_exception_ptr@01@ABVcaptured_exception@1@@Z 1001a740 f i task.obj
 0001:000197f0       ??$AllocateExceptionContainer@Vexception_ptr@std@@@internal@tbb@@YAPAVtbb_exception_ptr@01@ABVexception_ptr@std@@@Z 1001a7f0 f i task.obj
 0001:000198a0       ??$__TBB_machine_load_with_acquire@PAUcontext_list_node_t@internal@tbb@@@@YAPAUcontext_list_node_t@internal@tbb@@ADSAU012@@Z 1001a8a0 f i task.obj
 0001:000198c0       ??$__TBB_machine_load_with_acquire@PAUtask_proxy@internal@tbb@@@@YAPAUtask_proxy@internal@tbb@@ADSAU012@@Z 1001a8c0 f i task.obj
 0001:000198e0       ??$__TBB_machine_load_with_acquire@_N@@YA_NAD_N@Z 1001a8e0 f i task.obj
 0001:00019900       ??$__TBB_machine_store_with_release@PAPAVtask@tbb@@PAPAV12@@@YAXAAPAPAVtask@tbb@@PAPAV01@@Z 1001a900 f i task.obj
 0001:00019920       ??$__TBB_machine_store_with_release@PAUcontext_list_node_t@internal@tbb@@PAU123@@@YAXAAPAUcontext_list_node_t@internal@tbb@@PAU012@@Z 1001a920 f i task.obj
 0001:00019940       ??$__TBB_machine_store_with_release@PAUtask_proxy@internal@tbb@@PAU123@@@YAXAAPAUtask_proxy@internal@tbb@@PAU012@@Z 1001a940 f i task.obj
 0001:00019960       ??$__TBB_machine_store_with_release@PAVGenericScheduler@internal@tbb@@PAV123@@@YAXAAPAVGenericScheduler@internal@tbb@@PAV012@@Z 1001a960 f i task.obj
 0001:00019980       ??$__TBB_machine_store_with_release@PAVtask_group_context@tbb@@PAV12@@@YAXAAPAVtask_group_context@tbb@@PAV01@@Z 1001a980 f i task.obj
 0001:000199a0       ??$addressof@Vcaptured_exception@tbb@@@std@@YAPAVcaptured_exception@tbb@@AAV12@@Z 1001a9a0 f i task.obj
 0001:000199b0       ??$free_task@$00@GenericScheduler@internal@tbb@@QAEXAAVtask@2@@Z 1001a9b0 f i task.obj
 0001:00019ae0       ??$free_task@$01@GenericScheduler@internal@tbb@@QAEXAAVtask@2@@Z 1001aae0 f i task.obj
 0001:00019c20       ??$free_task@$02@GenericScheduler@internal@tbb@@QAEXAAVtask@2@@Z 1001ac20 f i task.obj
 0001:00019d50       ??$free_task@$0A@@GenericScheduler@internal@tbb@@QAEXAAVtask@2@@Z 1001ad50 f i task.obj
[...]
 0002:0000cdb7       $N00048                    10032db7     tbb_debug.exp
 0002:0000cdfd       $N00049                    10032dfd     tbb_debug.exp
 0002:0000ce25       $N00050                    10032e25     tbb_debug.exp
 0002:0000ce5f       $N00051                    10032e5f     tbb_debug.exp
 0002:0000ce86       $N00052                    10032e86     tbb_debug.exp
 0002:0000cebe       $N00053                    10032ebe     tbb_debug.exp
 0002:0000cee3       $N00054                    10032ee3     tbb_debug.exp
 0002:0000cf10       $N00055                    10032f10     tbb_debug.exp
 0002:0000cf3e       $N00056                    10032f3e     tbb_debug.exp
 0002:0000cf6b       $N00057                    10032f6b     tbb_debug.exp
 0002:0000cfa1       $N00058                    10032fa1     tbb_debug.exp
 0002:0000cfe1       $N00059                    10032fe1     tbb_debug.exp
 0002:0000d01c       $N00060                    1003301c     tbb_debug.exp
 0002:0000d054       $N00061                    10033054     tbb_debug.exp
 0002:0000d08a       $N00062                    1003308a     tbb_debug.exp
 0002:0000d0c3       $N00063                    100330c3     tbb_debug.exp
 0002:0000d0fa       $N00064                    100330fa     tbb_debug.exp
 0002:0000d155       $N00065                    10033155     tbb_debug.exp
 0002:0000d1b3       $N00066                    100331b3     tbb_debug.exp
 0002:0000d1f2       $N00067                    100331f2     tbb_debug.exp
 0002:0000d234       $N00068                    10033234     tbb_debug.exp
 0002:0000d27c       $N00069                    1003327c     tbb_debug.exp
 0002:0000d2c5       $N00070                    100332c5     tbb_debug.exp
 0002:0000d31f       $N00071                    1003331f     tbb_debug.exp
 0002:0000d345       $N00072                    10033345     tbb_debug.exp
 0002:0000d373       $N00073                    10033373     tbb_debug.exp
 0002:0000d3a4       $N00074                    100333a4     tbb_debug.exp
 0002:0000d3d4       $N00075                    100333d4     tbb_debug.exp
 0002:0000d3ff       $N00076                    100333ff     tbb_debug.exp
 0002:0000d430       $N00077                    10033430     tbb_debug.exp
 0002:0000d480       $N00078                    10033480     tbb_debug.exp
 0002:0000d4d3       $N00079                    100334d3     tbb_debug.exp
 0002:0000d502       $N00080                    10033502     tbb_debug.exp
 0002:0000d526       $N00081                    10033526     tbb_debug.exp
 0002:0000d554       $N00082                    10033554     tbb_debug.exp
 0002:0000d587       $N00083                    10033587     tbb_debug.exp
 0002:0000d5b8       $N00084                    100335b8     tbb_debug.exp
 0002:0000d5f7       $N00085                    100335f7     tbb_debug.exp
 0002:0000d63c       $N00086                    1003363c     tbb_debug.exp
 0002:0000d686       $N00087                    10033686     tbb_debug.exp
 0002:0000d6d7       $N00088                    100336d7     tbb_debug.exp
 0002:0000d71c       $N00089                    1003371c     tbb_debug.exp
 0002:0000d76f       $N00090                    1003376f     tbb_debug.exp
 0002:0000d7c9       $N00091                    100337c9     tbb_debug.exp
 0002:0000d82f       $N00092                    1003382f     tbb_debug.exp
 0002:0000d866       $N00093                    10033866     tbb_debug.exp
 0002:0000d8a2       $N00094                    100338a2     tbb_debug.exp
 0002:0000d8e1       $N00095                    100338e1     tbb_debug.exp
 0002:0000d929       $N00096                    10033929     tbb_debug.exp
 0002:0000d974       $N00097                    10033974     tbb_debug.exp
 0002:0000d9b1       $N00098                    100339b1     tbb_debug.exp
 0002:0000d9f1       $N00099                    100339f1     tbb_debug.exp
 0002:0000da37       $N00100                    10033a37     tbb_debug.exp
 0002:0000da80       $N00101                    10033a80     tbb_debug.exp
 0002:0000daca       $N00102                    10033aca     tbb_debug.exp
 0002:0000db17       $N00103                    10033b17     tbb_debug.exp
 0002:0000db47       $N00104                    10033b47     tbb_debug.exp
 0002:0000db81       $N00105                    10033b81     tbb_debug.exp
 0002:0000dbb6       $N00106                    10033bb6     tbb_debug.exp
 0002:0000dbee       $N00107                    10033bee     tbb_debug.exp
 0002:0000dc24       $N00108                    10033c24     tbb_debug.exp
 0002:0000dc5c       $N00109                    10033c5c     tbb_debug.exp
 0002:0000dc92       $N00110                    10033c92     tbb_debug.exp
 0002:0000dcd3       $N00111                    10033cd3     tbb_debug.exp
 0002:0000dd17       $N00112                    10033d17     tbb_debug.exp
 0002:0000dd70       $N00113                    10033d70     tbb_debug.exp
 0002:0000ddb4       $N00114                    10033db4     tbb_debug.exp
 0002:0000ddfb       $N00115                    10033dfb     tbb_debug.exp
 0002:0000de25       $N00116                    10033e25     tbb_debug.exp
 0002:0000de5f       $N00117                    10033e5f     tbb_debug.exp
 0002:0000de9c       $N00118                    10033e9c     tbb_debug.exp
 0002:0000ded9       $N00119                    10033ed9     tbb_debug.exp
 0002:0000df1e       $N00120                    10033f1e     tbb_debug.exp
 0002:0000df66       $N00121                    10033f66     tbb_debug.exp
 0002:0000dfb0       $N00122                    10033fb0     tbb_debug.exp
 0002:0000dfeb       $N00123                    10033feb     tbb_debug.exp
 0002:0000e030       $N00124                    10034030     tbb_debug.exp
 0002:0000e070       $N00125                    10034070     tbb_debug.exp
 0002:0000e0ad       $N00126                    100340ad     tbb_debug.exp
 0002:0000e0e8       $N00127                    100340e8     tbb_debug.exp
 0002:0000e125       $N00128                    10034125     tbb_debug.exp
 0002:0000e160       $N00129                    10034160     tbb_debug.exp
 0002:0000e192       $N00130                    10034192     tbb_debug.exp
 0002:0000e1c2       $N00131                    100341c2     tbb_debug.exp
 0002:0000e200       $N00132                    10034200     tbb_debug.exp
 0002:0000e228       $N00133                    10034228     tbb_debug.exp
 0002:0000e256       $N00134                    10034256     tbb_debug.exp
 0002:0000e284       $N00135                    10034284     tbb_debug.exp
 0002:0000e2bf       $N00136                    100342bf     tbb_debug.exp
 0002:0000e2f0       $N00137                    100342f0     tbb_debug.exp
 0002:0000e32b       $N00138                    1003432b     tbb_debug.exp
 0002:0000e354       $N00139                    10034354     tbb_debug.exp
 0002:0000e37e       $N00140                    1003437e     tbb_debug.exp
 0002:0000e3b0       $N00141                    100343b0     tbb_debug.exp
 0002:0000e3d7       $N00142                    100343d7     tbb_debug.exp
 0002:0000e3f8       $N00143                    100343f8     tbb_debug.exp
 0002:0000e433       $N00144                    10034433     tbb_debug.exp
 0002:0000e473       $N00145                    10034473     tbb_debug.exp
 0002:0000e4ae       $N00146                    100344ae     tbb_debug.exp
 0002:0000e4dd       $N00147                    100344dd     tbb_debug.exp
 0002:0000e50f       $N00148                    1003450f     tbb_debug.exp
 0002:0000e535       $N00149                    10034535     tbb_debug.exp
 0002:0000e570       $N00150                    10034570     tbb_debug.exp
 0002:0000e58b       $N00151                    1003458b     tbb_debug.exp
 0002:0000e5be       $N00152                    100345be     tbb_debug.exp
 0002:0000e5e6       $N00153                    100345e6     tbb_debug.exp
 0002:0000e601       $N00154                    10034601     tbb_debug.exp
 0002:0000e629       $N00155                    10034629     tbb_debug.exp
 0002:0000e660       $N00156                    10034660     tbb_debug.exp
 0002:0000e698       $N00157                    10034698     tbb_debug.exp
 0002:0000e6c3       $N00158                    100346c3     tbb_debug.exp
 0002:0000e6ff       $N00159                    100346ff     tbb_debug.exp
 0002:0000e73f       $N00160                    1003473f     tbb_debug.exp
 0002:0000e764       $N00161                    10034764     tbb_debug.exp
 0002:0000e79b       $N00162                    1003479b     tbb_debug.exp
 0002:0000e7d5       $N00163                    100347d5     tbb_debug.exp
 0002:0000e814       $N00164                    10034814     tbb_debug.exp
 0002:0000e858       $N00165                    10034858     tbb_debug.exp
 0002:0000e895       $N00166                    10034895     tbb_debug.exp
 0002:0000e8bc       $N00167                    100348bc     tbb_debug.exp
 0002:0000e8da       $N00168                    100348da     tbb_debug.exp
 0002:0000e8f0       $N00169                    100348f0     tbb_debug.exp
 0002:0000e908       $N00170                    10034908     tbb_debug.exp
 0002:0000e922       $N00171                    10034922     tbb_debug.exp
 0002:0000e936       $N00172                    10034936     tbb_debug.exp
 0002:0000e94b       $N00173                    1003494b     tbb_debug.exp
 0002:0000edd0       .idata$6                   10034dd0     kernel32:KERNEL32.dll
 0002:0000ef2e       .idata$6                   10034f2e     msvcprtd:MSVCP120D.dll
 0002:0000f26a       .idata$6                   1003526a     MSVCRTD:MSVCR120D.dll
 0003:00000000       _MallocHandler             10036000     cache_aligned_allocator.obj
 0003:00000004       _FreeHandler               10036004     cache_aligned_allocator.obj
 0003:00000008       _NFS_LineSize              10036008     cache_aligned_allocator.obj
 0003:0000000c       ?dummy@?1??make_invalid@micro_queue@internal@tbb@@QAEXI@Z@4Upage@concurrent_queue_base_v3@34@A 1003600c     concurrent_queue.obj
 0003:00000024       $SG75822                   10036024     itt_notify_proxy.obj
 0003:00000030       $SG75823                   10036030     itt_notify_proxy.obj
 0003:00000040       $SG75824                   10036040     itt_notify_proxy.obj
 0003:0000004c       $SG75825                   1003604c     itt_notify_proxy.obj
 0003:00000058       $SG75826                   10036058     itt_notify_proxy.obj
 0003:0000006c       $SG75827                   1003606c     itt_notify_proxy.obj
 0003:00000080       $SG75828                   10036080     itt_notify_proxy.obj
 0003:00000098       $SG75829                   10036098     itt_notify_proxy.obj
 0003:000000b0       $SG75830                   100360b0     itt_notify_proxy.obj
 0003:000000c4       $SG75831                   100360c4     itt_notify_proxy.obj
 0003:000000d8       $SG75832                   100360d8     itt_notify_proxy.obj
 0003:000000ec       $SG75833                   100360ec     itt_notify_proxy.obj
 0003:00000100       $SG75834                   10036100     itt_notify_proxy.obj
 0003:00000114       $SG75835                   10036114     itt_notify_proxy.obj
 0003:00000124       $SG75836                   10036124     itt_notify_proxy.obj
 0003:0000013c       $SG75837                   1003613c     itt_notify_proxy.obj
 0003:00000150       $SG75838                   10036150     itt_notify_proxy.obj
 0003:00000168       $SG75839                   10036168     itt_notify_proxy.obj
 0003:0000017c       $SG75840                   1003617c     itt_notify_proxy.obj
 0003:00000190       $SG75841                   10036190     itt_notify_proxy.obj
 0003:000001a8       $SG75842                   100361a8     itt_notify_proxy.obj
 0003:000001bc       $SG75843                   100361bc     itt_notify_proxy.obj
 0003:000001d0       $SG75844                   100361d0     itt_notify_proxy.obj
 0003:000001e4       $SG75845                   100361e4     itt_notify_proxy.obj
 0003:000001f8       $SG75846                   100361f8     itt_notify_proxy.obj
 0003:00000210       $SG75847                   10036210     itt_notify_proxy.obj
 0003:00000224       $SG75848                   10036224     itt_notify_proxy.obj
 0003:00000238       $SG75849                   10036238     itt_notify_proxy.obj
 0003:0000024c       $SG75850                   1003624c     itt_notify_proxy.obj
 0003:00000260       $SG75851                   10036260     itt_notify_proxy.obj
 0003:00000274       $SG75852                   10036274     itt_notify_proxy.obj
 0003:0000028c       $SG75853                   1003628c     itt_notify_proxy.obj
 0003:000002a4       $SG75854                   100362a4     itt_notify_proxy.obj
 0003:000002c0       $SG75855                   100362c0     itt_notify_proxy.obj
 0003:000002dc       $SG75856                   100362dc     itt_notify_proxy.obj
 0003:000002f8       $SG75857                   100362f8     itt_notify_proxy.obj
 0003:00000314       $SG75858                   10036314     itt_notify_proxy.obj
 0003:00000330       $SG75859                   10036330     itt_notify_proxy.obj
 0003:00000348       $SG75860                   10036348     itt_notify_proxy.obj
 0003:00000360       $SG75861                   10036360     itt_notify_proxy.obj
 0003:00000374       $SG75862                   10036374     itt_notify_proxy.obj
 0003:00000388       $SG75863                   10036388     itt_notify_proxy.obj
 0003:0000039c       $SG75864                   1003639c     itt_notify_proxy.obj
 0003:000003b0       $SG75865                   100363b0     itt_notify_proxy.obj
 0003:000003c8       $SG75866                   100363c8     itt_notify_proxy.obj
 0003:000003dc       $SG75867                   100363dc     itt_notify_proxy.obj
 0003:000003ec       $SG75868                   100363ec     itt_notify_proxy.obj
 0003:000003fc       $SG75869                   100363fc     itt_notify_proxy.obj
 0003:0000040c       $SG75870                   1003640c     itt_notify_proxy.obj
 0003:00000420       $SG75871                   10036420     itt_notify_proxy.obj
 0003:00000434       $SG75872                   10036434     itt_notify_proxy.obj
 0003:00000448       $SG75873                   10036448     itt_notify_proxy.obj
 0003:00000464       $SG75878                   10036464     itt_notify_proxy.obj
 0003:0000047c       $SG75886                   1003647c     itt_notify_proxy.obj
 0003:00000530       _ittnotify_lib_name        10036530     itt_notify_proxy.obj
 0003:00000534       $SG75535                   10036534     itt_notify_proxy.obj
 0003:00000548       $SG75637                   10036548     itt_notify_proxy.obj
 0003:00000560       _group_list                10036560     itt_notify_proxy.obj
 0003:000005a0       $SG75644                   100365a0     itt_notify_proxy.obj
 0003:000005a8       $SG75645                   100365a8     itt_notify_proxy.obj
 0003:000005b0       $SG75646                   100365b0     itt_notify_proxy.obj
 0003:000005b8       $SG75647                   100365b8     itt_notify_proxy.obj
 0003:000005c0       $SG75648                   100365c0     itt_notify_proxy.obj
 0003:000005c8       $SG75649                   100365c8     itt_notify_proxy.obj
 0003:000005cc       $SG75650                   100365cc     itt_notify_proxy.obj
 0003:000005d0       _group_alias               100365d0     itt_notify_proxy.obj
 0003:000005e8       $SG75658                   100365e8     itt_notify_proxy.obj
 0003:000005fc       $SG75659                   100365fc     itt_notify_proxy.obj
 0003:00000610       _func_map                  10036610     itt_notify_proxy.obj
 0003:00000f08       _allocator_arg             10036f08     concurrent_vector_v2.obj
 0003:00000f09       _piecewise_construct       10036f09     concurrent_vector_v2.obj
 0003:00000f18       _allocator_arg             10036f18     concurrent_hash_map.obj
 0003:00000f19       _piecewise_construct       10036f19     concurrent_hash_map.obj
 0003:00000f24       _allocator_arg             10036f24     concurrent_queue.obj
 0003:00000f25       _piecewise_construct       10036f25     concurrent_queue.obj
 0003:00000f28       _invalid_page              10036f28     concurrent_queue.obj
 0003:00000f2c       _allocator_arg             10036f2c     concurrent_vector.obj
 0003:00000f2d       _piecewise_construct       10036f2d     concurrent_vector.obj
 0003:00000f30       ?init@?1??__itt_init_lib@@9@9 10036f30     itt_notify_proxy.obj
 0003:00000f34       ?result@?1??__itt_init_lib@@9@9 10036f34     itt_notify_proxy.obj
 0003:00000f38       _error_handler             10036f38     itt_notify_proxy.obj
 0003:00000f3c       _ittnotify_lib             10036f3c     itt_notify_proxy.obj
 0003:00000f40       ?env_value@?1??__itt_get_env_var@@9@9 10036f40     itt_notify_proxy.obj
 0003:00001f50       _global_cancel_count       10037f50     task.obj
 0003:00001f54       _the_scheduler_list_mutex  10037f54     task.obj
 0003:00001f70       _dummy_context             10037f70     task.obj
 0003:0000208c       _allocator_arg             1003808c     task.obj
 0003:0000208d       _the_check_observer_proxy_count 1003808d     task.obj
 0003:0000208e       _piecewise_construct       1003808e     task.obj
 0003:0000208f       _ITT_Present               1003808f     task.obj
 0003:00002090       _DefaultNumberOfThreads    10038090     task.obj
 0003:00002094       _SchedulerTraitsId         10038094     task.obj
 0003:00002098       _ITT_InitializationDone    10038098     task.obj
 0003:00002099       _use_private_rml           10038099     task.obj
 0003:0000209c       _rml_server_factory        1003809c     task.obj
 0003:000020b0       _the_task_scheduler_observer_mutex 100380b0     task.obj
 0003:000020b4       _global_first_observer_proxy 100380b4     task.obj
 0003:000020b8       _global_last_observer_proxy 100380b8     task.obj
 0003:000020bc       _the_scheduler_list_head   100380bc     task.obj
 0003:000020c4       _observer_proxy_count      100380c4     task.obj
 0003:000020c8       _PrintVersionFlag          100380c8     tbb_misc.obj
 0003:000020c9       _allocator_arg             100380c9     tbb_misc.obj
 0003:000020ca       _piecewise_construct       100380ca     tbb_misc.obj
 0003:000020cc       _assertion_handler         100380cc     tbb_misc.obj
 0003:000020d0       ?already_failed@?6??assertion_failure@tbb@@YAXPBDH00@Z@4_NA 100380d0     tbb_misc.obj
 0003:000020d4       ?cache@?1??__TBB_machine_store8_slow_perf_warning@@9@4PAU?$atomic@PAX@tbb@@A 100380d4     tbb_misc.obj
 0003:000020e4       ?k@?1??__TBB_machine_store8_slow_perf_warning@@9@4U?$atomic@I@tbb@@A 100380e4     tbb_misc.obj
 0003:000020e8       _allocator_arg             100380e8     tbb_thread.obj
 0003:000020e9       _piecewise_construct       100380e9     tbb_thread.obj
 0003:000020ea       ?init@?1??_RTC_InitBase@@9@4_NA 100380ea     MSVCRTD:init.obj
 0003:000020f0       _GS_ExceptionRecord        100380f0     MSVCRTD:gs_report.obj
 0003:00002140       _GS_ContextRecord          10038140     MSVCRTD:gs_report.obj
 0003:0000240c       _DebuggerWasPresent        1003840c     MSVCRTD:gs_report.obj
 0003:00002418       ___proc_attached           10038418     MSVCRTD:crtdll.obj
 0003:00002420       __RTC_ErrorReportFunc      10038420     MSVCRTD:userapi.obj
 0003:00002424       __RTC_ErrorReportFuncW     10038424     MSVCRTD:userapi.obj
 0003:00002428       _mspdb                     10038428     MSVCRTD:pdblkup.obj
 0003:0000242c       ?alreadyTried@?1??GetPdbDll@@YAPAUHINSTANCE__@@XZ@4_NA 1003842c     MSVCRTD:pdblkup.obj
 0003:0000242d       ?PDBOK@?BM@??_RTC_GetSrcLine@@YAHPAEPA_WKPAH1K@Z@4_NA 1003842d     MSVCRTD:pdblkup.obj
 0004:000000a0       $R000000                   100390a0     tbb_resource.res
 0004:000005c0       $R000520                   100395c0     tbb_resource.res
